                      :-) GROMACS - gmx mdrun, 2024.2 (-:

Copyright 1991-2024 The GROMACS Authors.
GROMACS is free software; you can redistribute it and/or modify it
under the terms of the GNU Lesser General Public License
as published by the Free Software Foundation; either version 2.1
of the License, or (at your option) any later version.

                         Current GROMACS contributors:
       Mark Abraham           Andrey Alekseenko           Vladimir Basov      
      Cathrine Bergh            Eliane Briand               Ania Brown        
      Mahesh Doijade            Giacomo Fiorin          Stefan Fleischmann    
      Sergey Gorelov         Gilles Gouaillardet            Alan Gray         
     M. Eric Irrgang         Farzaneh Jalalypour            Joe Jordan        
     Carsten Kutzner           Justin A. Lemkul          Magnus Lundborg      
       Pascal Merz              Vedran Miletic            Dmitry Morozov      
       Julien Nabet              Szilard Pall        Andrea Pasquadibisceglie 
    Michele Pellegrino          Hubert Santuz             Roland Schulz       
     Tatiana Shugaeva          Alexey Shvetsov            Philip Turner       
     Alessandra Villa      Sebastian Wingbermuehle  

                         Previous GROMACS contributors:
        Emile Apol             Rossen Apostolov           James Barnett       
        Paul Bauer          Herman J.C. Berendsen          Par Bjelkmar       
      Christian Blau          Viacheslav Bolnykh            Kevin Boyd        
    Aldert van Buuren          Carlo Camilloni           Rudi van Drunen      
      Anton Feenstra           Oliver Fleetwood            Vytas Gapsys       
       Gaurav Garg             Gerrit Groenhof            Bert de Groot       
      Anca Hamuraru           Vincent Hindriksen          Victor Holanda      
     Aleksei Iupinov          Christoph Junghans        Prashanth Kanduri     
   Dimitrios Karkoulis           Peter Kasson             Sebastian Kehl      
     Sebastian Keller             Jiri Kraus               Per Larsson        
      Viveca Lindahl            Erik Marklund           Pieter Meulenhoff     
      Teemu Murtola              Sander Pronk             Michael Shirts      
      Alfons Sijbers            Balint Soproni         David van der Spoel    
      Peter Tieleman            Carsten Uphoff             Jon Vincent        
     Teemu Virolainen         Christian Wennberg           Maarten Wolf       
      Artem Zhmurov       

                  Coordinated by the GROMACS project leaders:
                           Berk Hess and Erik Lindahl

GROMACS:      gmx mdrun, version 2024.2
Executable:   /usr/local/gromacs/bin/gmx
Data prefix:  /usr/local/gromacs
Working dir:  /home/marina/teastask_ss
Process ID:   8171
Command line:
  gmx mdrun -v -deffnm em

GROMACS version:     2024.2
Precision:           mixed
Memory model:        64 bit
MPI library:         thread_mpi
OpenMP support:      enabled (GMX_OPENMP_MAX_THREADS = 128)
GPU support:         disabled
SIMD instructions:   AVX2_256
CPU FFT library:     fftw-3.3.8-sse2-avx-avx2-avx2_128
GPU FFT library:     none
Multi-GPU FFT:       none
RDTSCP usage:        enabled
TNG support:         enabled
Hwloc support:       disabled
Tracing support:     disabled
C compiler:          /usr/bin/cc GNU 11.4.0
C compiler flags:    -fexcess-precision=fast -funroll-all-loops -mavx2 -mfma -Wno-missing-field-initializers -O3 -DNDEBUG
C++ compiler:        /usr/bin/c++ GNU 11.4.0
C++ compiler flags:  -fexcess-precision=fast -funroll-all-loops -mavx2 -mfma -Wno-missing-field-initializers -Wno-cast-function-type-strict -fopenmp -O3 -DNDEBUG
BLAS library:        External - detected on the system
LAPACK library:      External - detected on the system


Running on 1 node with total 8 cores, 16 processing units
Hardware detected on host marina-Nitro-AN515-57:
  CPU info:
    Vendor: Intel
    Brand:  11th Gen Intel(R) Core(TM) i7-11800H @ 2.30GHz
    Family: 6   Model: 141   Stepping: 1
    Features: aes apic avx avx2 avx512f avx512cd avx512bw avx512vl avx512secondFMA clfsh cmov cx8 cx16 f16c fma htt intel lahf mmx msr nonstop_tsc pcid pclmuldq pdcm pdpe1gb popcnt pse rdrnd rdtscp sha sse2 sse3 sse4.1 sse4.2 ssse3 tdt x2apic
    Number of AVX-512 FMA units: 1 (For Intel, AVX2 is faster w/o 2 AVX-512 FMA units)
  Hardware topology: Basic
    Packages, cores, and logical processors:
    [indices refer to OS logical processors]
      Package  0: [   0   8] [   1   9] [   2  10] [   3  11] [   4  12] [   5  13] [   6  14] [   7  15]
    CPU limit set by OS: -1   Recommended max number of threads: 16


++++ PLEASE READ AND CITE THE FOLLOWING REFERENCE ++++
M. J. Abraham, T. Murtola, R. Schulz, S. Páll, J. C. Smith, B. Hess, E.
Lindahl
GROMACS: High performance molecular simulations through multi-level
parallelism from laptops to supercomputers
SoftwareX 1 (2015) pp. 19-25
-------- -------- --- Thank You --- -------- --------


++++ PLEASE READ AND CITE THE FOLLOWING REFERENCE ++++
S. Páll, M. J. Abraham, C. Kutzner, B. Hess, E. Lindahl
Tackling Exascale Software Challenges in Molecular Dynamics Simulations with
GROMACS
In S. Markidis & E. Laure (Eds.), Solving Software Challenges for Exascale 8759 (2015) pp. 3-27
-------- -------- --- Thank You --- -------- --------


++++ PLEASE READ AND CITE THE FOLLOWING REFERENCE ++++
S. Pronk, S. Páll, R. Schulz, P. Larsson, P. Bjelkmar, R. Apostolov, M. R.
Shirts, J. C. Smith, P. M. Kasson, D. van der Spoel, B. Hess, and E. Lindahl
GROMACS 4.5: a high-throughput and highly parallel open source molecular
simulation toolkit
Bioinformatics 29 (2013) pp. 845-54
-------- -------- --- Thank You --- -------- --------


++++ PLEASE READ AND CITE THE FOLLOWING REFERENCE ++++
B. Hess and C. Kutzner and D. van der Spoel and E. Lindahl
GROMACS 4: Algorithms for highly efficient, load-balanced, and scalable
molecular simulation
J. Chem. Theory Comput. 4 (2008) pp. 435-447
-------- -------- --- Thank You --- -------- --------


++++ PLEASE READ AND CITE THE FOLLOWING REFERENCE ++++
D. van der Spoel, E. Lindahl, B. Hess, G. Groenhof, A. E. Mark and H. J. C.
Berendsen
GROMACS: Fast, Flexible and Free
J. Comp. Chem. 26 (2005) pp. 1701-1719
-------- -------- --- Thank You --- -------- --------


++++ PLEASE READ AND CITE THE FOLLOWING REFERENCE ++++
E. Lindahl and B. Hess and D. van der Spoel
GROMACS 3.0: A package for molecular simulation and trajectory analysis
J. Mol. Mod. 7 (2001) pp. 306-317
-------- -------- --- Thank You --- -------- --------


++++ PLEASE READ AND CITE THE FOLLOWING REFERENCE ++++
H. J. C. Berendsen, D. van der Spoel and R. van Drunen
GROMACS: A message-passing parallel molecular dynamics implementation
Comp. Phys. Comm. 91 (1995) pp. 43-56
-------- -------- --- Thank You --- -------- --------


++++ PLEASE CITE THE DOI FOR THIS VERSION OF GROMACS ++++
https://doi.org/10.5281/zenodo.11148655
-------- -------- --- Thank You --- -------- --------

Input Parameters:
   integrator                     = steep
   tinit                          = 0
   dt                             = 0.001
   nsteps                         = -1
   init-step                      = 0
   simulation-part                = 1
   mts                            = false
   mass-repartition-factor        = 1
   comm-mode                      = Linear
   nstcomm                        = 100
   bd-fric                        = 0
   ld-seed                        = -915409794
   emtol                          = 1000
   emstep                         = 0.01
   niter                          = 20
   fcstep                         = 0
   nstcgsteep                     = 1000
   nbfgscorr                      = 10
   rtpi                           = 0.05
   nstxout                        = 0
   nstvout                        = 0
   nstfout                        = 0
   nstlog                         = 1000
   nstcalcenergy                  = 100
   nstenergy                      = 500
   nstxout-compressed             = 0
   compressed-x-precision         = 1000
   cutoff-scheme                  = Verlet
   nstlist                        = 10
   pbc                            = xyz
   periodic-molecules             = false
   verlet-buffer-tolerance        = 0.005
   verlet-buffer-pressure-tolerance = 0.5
   rlist                          = 1.26
   coulombtype                    = PME
   coulomb-modifier               = Potential-shift
   rcoulomb-switch                = 0
   rcoulomb                       = 1.2
   epsilon-r                      = 1
   epsilon-rf                     = inf
   vdw-type                       = Cut-off
   vdw-modifier                   = Force-switch
   rvdw-switch                    = 1
   rvdw                           = 1.2
   DispCorr                       = No
   table-extension                = 1
   fourierspacing                 = 0.15
   fourier-nx                     = 36
   fourier-ny                     = 36
   fourier-nz                     = 36
   pme-order                      = 4
   ewald-rtol                     = 1e-05
   ewald-rtol-lj                  = 0.001
   lj-pme-comb-rule               = Geometric
   ewald-geometry                 = 3d
   epsilon-surface                = 0
   ensemble-temperature-setting   = not available
   tcoupl                         = No
   nsttcouple                     = -1
   nh-chain-length                = 0
   print-nose-hoover-chain-variables = false
   pcoupl                         = No
   refcoord-scaling               = No
   posres-com (3):
      posres-com[0]= 0.00000e+00
      posres-com[1]= 0.00000e+00
      posres-com[2]= 0.00000e+00
   posres-comB (3):
      posres-comB[0]= 0.00000e+00
      posres-comB[1]= 0.00000e+00
      posres-comB[2]= 0.00000e+00
   QMMM                           = false
qm-opts:
   ngQM                           = 0
   constraint-algorithm           = Lincs
   continuation                   = false
   Shake-SOR                      = false
   shake-tol                      = 0.0001
   lincs-order                    = 4
   lincs-iter                     = 1
   lincs-warnangle                = 30
   nwall                          = 0
   wall-type                      = 9-3
   wall-r-linpot                  = -1
   wall-atomtype[0]               = -1
   wall-atomtype[1]               = -1
   wall-density[0]                = 0
   wall-density[1]                = 0
   wall-ewald-zfac                = 3
   pull                           = false
   awh                            = false
   rotation                       = false
   interactiveMD                  = false
   disre                          = No
   disre-weighting                = Conservative
   disre-mixed                    = false
   dr-fc                          = 1000
   dr-tau                         = 0
   nstdisreout                    = 100
   orire-fc                       = 0
   orire-tau                      = 0
   nstorireout                    = 100
   free-energy                    = no
   cos-acceleration               = 0
   deform (3x3):
      deform[    0]={ 0.00000e+00,  0.00000e+00,  0.00000e+00}
      deform[    1]={ 0.00000e+00,  0.00000e+00,  0.00000e+00}
      deform[    2]={ 0.00000e+00,  0.00000e+00,  0.00000e+00}
   simulated-tempering            = false
   swapcoords                     = no
   userint1                       = 0
   userint2                       = 0
   userint3                       = 0
   userint4                       = 0
   userreal1                      = 0
   userreal2                      = 0
   userreal3                      = 0
   userreal4                      = 0
   applied-forces:
     electric-field:
       x:
         E0                       = 0
         omega                    = 0
         t0                       = 0
         sigma                    = 0
       y:
         E0                       = 0
         omega                    = 0
         t0                       = 0
         sigma                    = 0
       z:
         E0                       = 0
         omega                    = 0
         t0                       = 0
         sigma                    = 0
     density-guided-simulation:
       active                     = false
       group                      = protein
       similarity-measure         = inner-product
       atom-spreading-weight      = unity
       force-constant             = 1e+09
       gaussian-transform-spreading-width = 0.2
       gaussian-transform-spreading-range-in-multiples-of-width = 4
       reference-density-filename = reference.mrc
       nst                        = 1
       normalize-densities        = true
       adaptive-force-scaling     = false
       adaptive-force-scaling-time-constant = 4
       shift-vector               = 
       transformation-matrix      = 
     qmmm-cp2k:
       active                     = false
       qmgroup                    = System
       qmmethod                   = PBE
       qmfilenames                = 
       qmcharge                   = 0
       qmmultiplicity             = 1
     colvars:
       active                     = false
       configfile                 = 
       seed                       = -1
grpopts:
   nrdf:       20681
   ref-t:           0
   tau-t:           0
annealing:          No
annealing-npoints:           0
   acc:	           0           0           0
   nfreeze:           N           N           N
   energygrp-flags[  0]: 0


Initializing Domain Decomposition on 1 ranks
NOTE: disabling dynamic load balancing as it is only supported with dynamics, not with integrator 'steep'.
Dynamic load balancing: off
Using update groups, nr 3515, average size 2.9 atoms, max. radius 0.139 nm
Minimum cell size due to atom displacement: 0.060 nm
Initial maximum distances in bonded interactions:
    two-body bonded interactions: 0.420 nm, LJ-14, atoms 446 447
  multi-body bonded interactions: 0.472 nm, CMAP Dih., atoms 63 76
Minimum cell size due to bonded interactions: 0.520 nm
Using 0 separate PME ranks because: there are too few total ranks for efficient splitting
Optimizing the DD grid for 1 cells with a minimum initial size of 0.520 nm
The maximum allowed number of cells is: X 8 Y 8 Z 8
Domain decomposition grid 1 x 1 x 1, separate PME ranks 0
PME domain decomposition: 1 x 1 x 1

The initial number of communication pulses is:
The initial domain decomposition cell size is:

The maximum allowed distance for atom groups involved in interactions is:
                 non-bonded interactions           1.538 nm
            two-body bonded interactions  (-rdd)   1.538 nm
          multi-body bonded interactions  (-rdd)   1.538 nm

Using 1 MPI thread
Using 16 OpenMP threads 

System total charge: 0.000
Will do PME sum in reciprocal space for electrostatic interactions.

++++ PLEASE READ AND CITE THE FOLLOWING REFERENCE ++++
U. Essmann, L. Perera, M. L. Berkowitz, T. Darden, H. Lee and L. G. Pedersen 
A smooth particle mesh Ewald method
J. Chem. Phys. 103 (1995) pp. 8577-8592
-------- -------- --- Thank You --- -------- --------

Using a Gaussian width (1/beta) of 0.384195 nm for Ewald
Potential shift: LJ r^-12: -2.648e-01 r^-6: -5.349e-01, Ewald -8.333e-06
Initialized non-bonded Coulomb Ewald tables, spacing: 1.02e-03 size: 1176

Generated table with 1130 data points for 1-4 COUL.
Tabscale = 500 points/nm
Generated table with 1130 data points for 1-4 LJ6.
Tabscale = 500 points/nm
Generated table with 1130 data points for 1-4 LJ12.
Tabscale = 500 points/nm


Using SIMD4xM 4x8 nonbonded short-range kernels

Using a 4x8 pair-list setup:
  updated every 10 steps, buffer 0.060 nm, rlist 1.260 nm
Removing pbc first time

Linking all bonded interactions to atoms


Pinning threads with an auto-selected logical cpu stride of 1

Initializing LINear Constraint Solver

++++ PLEASE READ AND CITE THE FOLLOWING REFERENCE ++++
B. Hess and H. Bekker and H. J. C. Berendsen and J. G. E. M. Fraaije
LINCS: A Linear Constraint Solver for molecular simulations
J. Comp. Chem. 18 (1997) pp. 1463-1472
-------- -------- --- Thank You --- -------- --------

The number of constraints is 313

++++ PLEASE READ AND CITE THE FOLLOWING REFERENCE ++++
S. Miyamoto and P. A. Kollman
SETTLE: An Analytical Version of the SHAKE and RATTLE Algorithms for Rigid
Water Models
J. Comp. Chem. 13 (1992) pp. 952-962
-------- -------- --- Thank You --- -------- --------


Note that activating steepest-descent energy minimization via the integrator .mdp option and the command gmx mdrun may be available in a different form in a future version of GROMACS, e.g. gmx minimize and an .mdp option.
Initiating Steepest Descents

Atom distribution over 1 domains: av 10170 stddev 0 min 10170 max 10170
Started Steepest Descents on rank 0 Wed Apr 30 13:33:41 2025


Steepest Descents:
   Tolerance (Fmax)   =  1.00000e+03
   Number of steps    =           -1
           Step           Time
              0        0.00000

   Energies (kJ/mol)
           Bond            U-B    Proper Dih.  Improper Dih.      CMAP Dih.
    8.45250e+02    1.35883e+03    8.80885e+02    2.57304e+01   -2.49539e+02
          LJ-14     Coulomb-14        LJ (SR)   Coulomb (SR)   Coul. recip.
    7.55420e+02    8.63174e+03    8.01963e+04   -1.50432e+05    5.41133e+03
      Potential Pressure (bar)   Constr. rmsd
   -5.25759e+04    4.88345e+04    5.36276e-05

           Step           Time
              1        1.00000

   Energies (kJ/mol)
           Bond            U-B    Proper Dih.  Improper Dih.      CMAP Dih.
    7.99415e+02    1.35403e+03    8.80561e+02    2.65162e+01   -2.49477e+02
          LJ-14     Coulomb-14        LJ (SR)   Coulomb (SR)   Coul. recip.
    7.52707e+02    8.61667e+03    6.61205e+04   -1.50721e+05    5.39335e+03
      Potential Pressure (bar)   Constr. rmsd
   -6.70263e+04    3.81191e+04    1.80321e-06

           Step           Time
              2        2.00000

   Energies (kJ/mol)
           Bond            U-B    Proper Dih.  Improper Dih.      CMAP Dih.
    7.05127e+02    1.34106e+03    8.82504e+02    3.09570e+01   -2.50526e+02
          LJ-14     Coulomb-14        LJ (SR)   Coulomb (SR)   Coul. recip.
    7.46923e+02    8.59478e+03    5.04651e+04   -1.51312e+05    5.33701e+03
      Potential Pressure (bar)   Constr. rmsd
   -8.34590e+04    2.64321e+04    4.07679e-06

           Step           Time
              3        3.00000

   Energies (kJ/mol)
           Bond            U-B    Proper Dih.  Improper Dih.      CMAP Dih.
    5.05505e+02    1.26848e+03    8.85222e+02    3.77811e+01   -2.57033e+02
          LJ-14     Coulomb-14        LJ (SR)   Coulomb (SR)   Coul. recip.
    7.29132e+02    8.57147e+03    3.79870e+04   -1.52381e+05    5.16349e+03
      Potential Pressure (bar)   Constr. rmsd
   -9.74898e+04    1.69586e+04    5.65394e-06

           Step           Time
              4        4.00000

   Energies (kJ/mol)
           Bond            U-B    Proper Dih.  Improper Dih.      CMAP Dih.
    2.26543e+02    1.09816e+03    8.87953e+02    6.38515e+01   -2.65784e+02
          LJ-14     Coulomb-14        LJ (SR)   Coulomb (SR)   Coul. recip.
    6.88787e+02    8.57633e+03    3.06964e+04   -1.54309e+05    4.72721e+03
      Potential Pressure (bar)   Constr. rmsd
   -1.07609e+05    1.01614e+04    2.04283e-05

           Step           Time
              5        5.00000

   Energies (kJ/mol)
           Bond            U-B    Proper Dih.  Improper Dih.      CMAP Dih.
    7.64209e+02    9.88378e+02    8.88006e+02    4.29943e+01   -2.61438e+02
          LJ-14     Coulomb-14        LJ (SR)   Coulomb (SR)   Coul. recip.
    6.56182e+02    8.53763e+03    2.81479e+04   -1.55924e+05    4.31641e+03
      Potential Pressure (bar)   Constr. rmsd
   -1.11843e+05    7.86751e+03    2.09115e-06

           Step           Time
              6        6.00000

   Energies (kJ/mol)
           Bond            U-B    Proper Dih.  Improper Dih.      CMAP Dih.
    2.25404e+02    9.43290e+02    8.83516e+02    5.46092e+01   -2.66343e+02
          LJ-14     Coulomb-14        LJ (SR)   Coulomb (SR)   Coul. recip.
    6.53758e+02    8.56271e+03    2.76392e+04   -1.56471e+05    4.18705e+03
      Potential Pressure (bar)   Constr. rmsd
   -1.13587e+05    7.02152e+03    1.45123e-06

           Step           Time
              7        7.00000

   Energies (kJ/mol)
           Bond            U-B    Proper Dih.  Improper Dih.      CMAP Dih.
    1.16233e+03    9.54839e+02    8.84977e+02    3.95438e+01   -2.64024e+02
          LJ-14     Coulomb-14        LJ (SR)   Coulomb (SR)   Coul. recip.
    6.35407e+02    8.51267e+03    2.63660e+04   -1.57596e+05    3.89537e+03
      Potential Pressure (bar)   Constr. rmsd
   -1.15408e+05    5.98445e+03    1.45228e-06

           Step           Time
              8        8.00000

   Energies (kJ/mol)
           Bond            U-B    Proper Dih.  Improper Dih.      CMAP Dih.
    4.11019e+02    9.08604e+02    8.79170e+02    5.48902e+01   -2.68359e+02
          LJ-14     Coulomb-14        LJ (SR)   Coulomb (SR)   Coul. recip.
    6.35607e+02    8.55227e+03    2.60595e+04   -1.58089e+05    3.78679e+03
      Potential Pressure (bar)   Constr. rmsd
   -1.17069e+05    5.28719e+03    1.59382e-06

           Step           Time
              9        9.00000

   Energies (kJ/mol)
           Bond            U-B    Proper Dih.  Improper Dih.      CMAP Dih.
    1.91230e+03    9.86627e+02    8.82052e+02    3.45397e+01   -2.64007e+02
          LJ-14     Coulomb-14        LJ (SR)   Coulomb (SR)   Coul. recip.
    6.23047e+02    8.49089e+03    2.52740e+04   -1.58862e+05    3.58644e+03
      Potential Pressure (bar)   Constr. rmsd
   -1.17336e+05    4.85837e+03    1.53137e-06

           Step           Time
             10       10.00000

   Energies (kJ/mol)
           Bond            U-B    Proper Dih.  Improper Dih.      CMAP Dih.
    9.25259e+02    9.61584e+02    8.75140e+02    5.47913e+01   -2.69517e+02
          LJ-14     Coulomb-14        LJ (SR)   Coulomb (SR)   Coul. recip.
    6.26997e+02    8.55125e+03    2.50721e+04   -1.59340e+05    3.49084e+03
      Potential Pressure (bar)   Constr. rmsd
   -1.19052e+05    4.09304e+03    1.92290e-06

           Step           Time
             11       11.00000

           Step           Time
             12       12.00000

   Energies (kJ/mol)
           Bond            U-B    Proper Dih.  Improper Dih.      CMAP Dih.
    3.15403e+02    7.99007e+02    8.77091e+02    3.61788e+01   -2.65933e+02
          LJ-14     Coulomb-14        LJ (SR)   Coulomb (SR)   Coul. recip.
    6.14778e+02    8.50985e+03    2.47554e+04   -1.59620e+05    3.41534e+03
      Potential Pressure (bar)   Constr. rmsd
   -1.20563e+05    4.23183e+03    1.41430e-06

           Step           Time
             13       13.00000

   Energies (kJ/mol)
           Bond            U-B    Proper Dih.  Improper Dih.      CMAP Dih.
    1.47437e+03    1.02689e+03    8.73084e+02    6.69996e+01   -2.70742e+02
          LJ-14     Coulomb-14        LJ (SR)   Coulomb (SR)   Coul. recip.
    6.18407e+02    8.54868e+03    2.42397e+04   -1.60532e+05    3.21874e+03
      Potential Pressure (bar)   Constr. rmsd
   -1.20736e+05    3.06336e+03    1.51086e-06

           Step           Time
             14       14.00000

   Energies (kJ/mol)
           Bond            U-B    Proper Dih.  Improper Dih.      CMAP Dih.
    6.65573e+02    7.98656e+02    8.75119e+02    3.17748e+01   -2.65444e+02
          LJ-14     Coulomb-14        LJ (SR)   Coulomb (SR)   Coul. recip.
    6.03749e+02    8.49212e+03    2.39378e+04   -1.60777e+05    3.15039e+03
      Potential Pressure (bar)   Constr. rmsd
   -1.22488e+05    3.39698e+03    1.53871e-06

           Step           Time
             15       15.00000

           Step           Time
             16       16.00000

   Energies (kJ/mol)
           Bond            U-B    Proper Dih.  Improper Dih.      CMAP Dih.
    2.89765e+02    7.67658e+02    8.71642e+02    3.77099e+01   -2.68990e+02
          LJ-14     Coulomb-14        LJ (SR)   Coulomb (SR)   Coul. recip.
    6.04745e+02    8.52258e+03    2.37880e+04   -1.61119e+05    3.08466e+03
      Potential Pressure (bar)   Constr. rmsd
   -1.23421e+05    2.95355e+03    1.50098e-06

           Step           Time
             17       17.00000

   Energies (kJ/mol)
           Bond            U-B    Proper Dih.  Improper Dih.      CMAP Dih.
    1.11377e+03    8.13341e+02    8.74022e+02    3.17143e+01   -2.67033e+02
          LJ-14     Coulomb-14        LJ (SR)   Coulomb (SR)   Coul. recip.
    5.95186e+02    8.47861e+03    2.33884e+04   -1.61639e+05    2.96376e+03
      Potential Pressure (bar)   Constr. rmsd
   -1.23647e+05    2.81345e+03    1.48045e-06

           Step           Time
             18       18.00000

   Energies (kJ/mol)
           Bond            U-B    Proper Dih.  Improper Dih.      CMAP Dih.
    6.16835e+02    8.00967e+02    8.70528e+02    4.67792e+01   -2.71242e+02
          LJ-14     Coulomb-14        LJ (SR)   Coulomb (SR)   Coul. recip.
    5.98251e+02    8.52458e+03    2.32743e+04   -1.61990e+05    2.90345e+03
      Potential Pressure (bar)   Constr. rmsd
   -1.24625e+05    2.26891e+03    1.56130e-06

           Step           Time
             19       19.00000

           Step           Time
             20       20.00000

   Energies (kJ/mol)
           Bond            U-B    Proper Dih.  Improper Dih.      CMAP Dih.
    2.12663e+02    7.02783e+02    8.71486e+02    3.30828e+01   -2.68252e+02
          LJ-14     Coulomb-14        LJ (SR)   Coulomb (SR)   Coul. recip.
    5.90740e+02    8.49420e+03    2.31020e+04   -1.62181e+05    2.85728e+03
      Potential Pressure (bar)   Constr. rmsd
   -1.25585e+05    2.41550e+03    1.37973e-06

           Step           Time
             21       21.00000

   Energies (kJ/mol)
           Bond            U-B    Proper Dih.  Improper Dih.      CMAP Dih.
    9.75776e+02    8.42645e+02    8.69648e+02    5.05333e+01   -2.72541e+02
          LJ-14     Coulomb-14        LJ (SR)   Coulomb (SR)   Coul. recip.
    5.92797e+02    8.52553e+03    2.27692e+04   -1.62900e+05    2.72217e+03
      Potential Pressure (bar)   Constr. rmsd
   -1.25825e+05    1.60265e+03    1.45011e-06

           Step           Time
             22       22.00000

   Energies (kJ/mol)
           Bond            U-B    Proper Dih.  Improper Dih.      CMAP Dih.
    4.21869e+02    6.99587e+02    8.70846e+02    3.00107e+01   -2.68029e+02
          LJ-14     Coulomb-14        LJ (SR)   Coulomb (SR)   Coul. recip.
    5.82776e+02    8.48209e+03    2.25924e+04   -1.63075e+05    2.67848e+03
      Potential Pressure (bar)   Constr. rmsd
   -1.26985e+05    1.88576e+03    1.43389e-06

           Step           Time
             23       23.00000

           Step           Time
             24       24.00000

   Energies (kJ/mol)
           Bond            U-B    Proper Dih.  Improper Dih.      CMAP Dih.
    2.34693e+02    6.88245e+02    8.69145e+02    3.55821e+01   -2.70669e+02
          LJ-14     Coulomb-14        LJ (SR)   Coulomb (SR)   Coul. recip.
    5.83889e+02    8.50648e+03    2.24935e+04   -1.63344e+05    2.63390e+03
      Potential Pressure (bar)   Constr. rmsd
   -1.27569e+05    1.54749e+03    1.47767e-06

           Step           Time
             25       25.00000

   Energies (kJ/mol)
           Bond            U-B    Proper Dih.  Improper Dih.      CMAP Dih.
    6.86311e+02    7.09329e+02    8.70814e+02    2.97659e+01   -2.68762e+02
          LJ-14     Coulomb-14        LJ (SR)   Coulomb (SR)   Coul. recip.
    5.76969e+02    8.47271e+03    2.22555e+04   -1.63704e+05    2.55990e+03
      Potential Pressure (bar)   Constr. rmsd
   -1.27812e+05    1.52356e+03    1.45674e-06

           Step           Time
             26       26.00000

   Energies (kJ/mol)
           Bond            U-B    Proper Dih.  Improper Dih.      CMAP Dih.
    4.56230e+02    7.11998e+02    8.68812e+02    3.91124e+01   -2.72019e+02
          LJ-14     Coulomb-14        LJ (SR)   Coulomb (SR)   Coul. recip.
    5.80024e+02    8.50984e+03    2.21749e+04   -1.63986e+05    2.51820e+03
      Potential Pressure (bar)   Constr. rmsd
   -1.28399e+05    1.09172e+03    1.43380e-06

           Step           Time
             27       27.00000

           Step           Time
             28       28.00000

   Energies (kJ/mol)
           Bond            U-B    Proper Dih.  Improper Dih.      CMAP Dih.
    1.59314e+02    6.43007e+02    8.69589e+02    3.13452e+01   -2.69906e+02
          LJ-14     Coulomb-14        LJ (SR)   Coulomb (SR)   Coul. recip.
    5.74312e+02    8.48557e+03    2.20653e+04   -1.64125e+05    2.48805e+03
      Potential Pressure (bar)   Constr. rmsd
   -1.29079e+05    1.22272e+03    1.38965e-06

           Step           Time
             29       29.00000

   Energies (kJ/mol)
           Bond            U-B    Proper Dih.  Improper Dih.      CMAP Dih.
    7.12361e+02    7.40254e+02    8.68855e+02    4.21934e+01   -2.73326e+02
          LJ-14     Coulomb-14        LJ (SR)   Coulomb (SR)   Coul. recip.
    5.75354e+02    8.51149e+03    2.17998e+04   -1.64767e+05    2.38263e+03
      Potential Pressure (bar)   Constr. rmsd
   -1.29407e+05    5.73559e+02    1.50822e-06

           Step           Time
             30       30.00000

   Energies (kJ/mol)
           Bond            U-B    Proper Dih.  Improper Dih.      CMAP Dih.
    2.85785e+02    6.36789e+02    8.69721e+02    2.93285e+01   -2.69993e+02
          LJ-14     Coulomb-14        LJ (SR)   Coulomb (SR)   Coul. recip.
    5.67599e+02    8.47584e+03    2.16831e+04   -1.64894e+05    2.35340e+03
      Potential Pressure (bar)   Constr. rmsd
   -1.30263e+05    8.14684e+02    1.39073e-06

           Step           Time
             31       31.00000

           Step           Time
             32       32.00000

   Energies (kJ/mol)
           Bond            U-B    Proper Dih.  Improper Dih.      CMAP Dih.
    2.07983e+02    6.37918e+02    8.68845e+02    3.38742e+01   -2.71902e+02
          LJ-14     Coulomb-14        LJ (SR)   Coulomb (SR)   Coul. recip.
    5.68775e+02    8.49619e+03    2.16064e+04   -1.65123e+05    2.32059e+03
      Potential Pressure (bar)   Constr. rmsd
   -1.30655e+05    5.35132e+02    1.37622e-06

           Step           Time
             33       33.00000

   Energies (kJ/mol)
           Bond            U-B    Proper Dih.  Improper Dih.      CMAP Dih.
    4.45242e+02    6.42267e+02    8.70064e+02    2.88402e+01   -2.70372e+02
          LJ-14     Coulomb-14        LJ (SR)   Coulomb (SR)   Coul. recip.
    5.63368e+02    8.46858e+03    2.14534e+04   -1.65375e+05    2.27432e+03
      Potential Pressure (bar)   Constr. rmsd
   -1.30899e+05    5.66268e+02    1.32319e-06

           Step           Time
             34       34.00000

   Energies (kJ/mol)
           Bond            U-B    Proper Dih.  Improper Dih.      CMAP Dih.
    3.71450e+02    6.56992e+02    8.68904e+02    3.55515e+01   -2.72788e+02
          LJ-14     Coulomb-14        LJ (SR)   Coulomb (SR)   Coul. recip.
    5.66218e+02    8.49959e+03    2.13885e+04   -1.65616e+05    2.24345e+03
      Potential Pressure (bar)   Constr. rmsd
   -1.31258e+05    2.04004e+02    1.37386e-06

           Step           Time
             35       35.00000

   Energies (kJ/mol)
           Bond            U-B    Proper Dih.  Improper Dih.      CMAP Dih.
    7.72607e+02    6.67665e+02    8.70547e+02    2.75939e+01   -2.70359e+02
          LJ-14     Coulomb-14        LJ (SR)   Coulomb (SR)   Coul. recip.
    5.59727e+02    8.45925e+03    2.12459e+04   -1.65816e+05    2.20413e+03
      Potential Pressure (bar)   Constr. rmsd
   -1.31279e+05    3.42565e+02    1.34021e-06

           Step           Time
             36       36.00000

   Energies (kJ/mol)
           Bond            U-B    Proper Dih.  Improper Dih.      CMAP Dih.
    7.27979e+02    7.12907e+02    8.69021e+02    3.75117e+01   -2.73616e+02
          LJ-14     Coulomb-14        LJ (SR)   Coulomb (SR)   Coul. recip.
    5.65206e+02    8.50565e+03    2.11979e+04   -1.66070e+05    2.17598e+03
      Potential Pressure (bar)   Constr. rmsd
   -1.31551e+05   -1.40703e+02    1.50810e-06

           Step           Time
             37       37.00000

           Step           Time
             38       38.00000

   Energies (kJ/mol)
           Bond            U-B    Proper Dih.  Improper Dih.      CMAP Dih.
    1.35942e+02    5.94291e+02    8.69673e+02    2.94111e+01   -2.71423e+02
          LJ-14     Coulomb-14        LJ (SR)   Coulomb (SR)   Coul. recip.
    5.58306e+02    8.47633e+03    2.11215e+04   -1.66148e+05    2.15780e+03
      Potential Pressure (bar)   Constr. rmsd
   -1.32476e+05    9.57404e+01    1.43838e-06

           Step           Time
             39       39.00000

   Energies (kJ/mol)
           Bond            U-B    Proper Dih.  Improper Dih.      CMAP Dih.
    1.02675e+03    7.52806e+02    8.70224e+02    4.31048e+01   -2.75283e+02
          LJ-14     Coulomb-14        LJ (SR)   Coulomb (SR)   Coul. recip.
    5.60530e+02    8.50677e+03    2.08513e+04   -1.66884e+05    2.05599e+03
      Potential Pressure (bar)   Constr. rmsd
   -1.32492e+05   -6.46686e+02    1.59736e-06

           Step           Time
             40       40.00000

   Energies (kJ/mol)
           Bond            U-B    Proper Dih.  Improper Dih.      CMAP Dih.
    2.80221e+02    5.92168e+02    8.70557e+02    2.76178e+01   -2.71705e+02
          LJ-14     Coulomb-14        LJ (SR)   Coulomb (SR)   Coul. recip.
    5.51429e+02    8.46457e+03    2.07659e+04   -1.66952e+05    2.03769e+03
      Potential Pressure (bar)   Constr. rmsd
   -1.33634e+05   -2.90993e+02    1.34750e-06

           Step           Time
             41       41.00000

           Step           Time
             42       42.00000

   Energies (kJ/mol)
           Bond            U-B    Proper Dih.  Improper Dih.      CMAP Dih.
    2.77110e+02    6.08651e+02    8.69991e+02    3.21986e+01   -2.73503e+02
          LJ-14     Coulomb-14        LJ (SR)   Coulomb (SR)   Coul. recip.
    5.53543e+02    8.48853e+03    2.07115e+04   -1.67156e+05    2.01511e+03
      Potential Pressure (bar)   Constr. rmsd
   -1.33873e+05   -5.77143e+02    1.29308e-06

           Step           Time
             43       43.00000

   Energies (kJ/mol)
           Bond            U-B    Proper Dih.  Improper Dih.      CMAP Dih.
    4.54817e+02    6.04168e+02    8.71171e+02    2.73143e+01   -2.72056e+02
          LJ-14     Coulomb-14        LJ (SR)   Coulomb (SR)   Coul. recip.
    5.48325e+02    8.45720e+03    2.06143e+04   -1.67306e+05    1.98893e+03
      Potential Pressure (bar)   Constr. rmsd
   -1.34012e+05   -4.53632e+02    1.39045e-06

           Step           Time
             44       44.00000

   Energies (kJ/mol)
           Bond            U-B    Proper Dih.  Improper Dih.      CMAP Dih.
    4.70116e+02    6.37272e+02    8.70319e+02    3.36178e+01   -2.74201e+02
          LJ-14     Coulomb-14        LJ (SR)   Coulomb (SR)   Coul. recip.
    5.52250e+02    8.49243e+03    2.05722e+04   -1.67515e+05    1.96878e+03
      Potential Pressure (bar)   Constr. rmsd
   -1.34192e+05   -8.23455e+02    1.48506e-06

           Step           Time
             45       45.00000

           Step           Time
             46       46.00000

   Energies (kJ/mol)
           Bond            U-B    Proper Dih.  Improper Dih.      CMAP Dih.
    1.19731e+02    5.65925e+02    8.70838e+02    2.88491e+01   -2.72900e+02
          LJ-14     Coulomb-14        LJ (SR)   Coulomb (SR)   Coul. recip.
    5.47470e+02    8.46993e+03    2.05197e+04   -1.67577e+05    1.95605e+03
      Potential Pressure (bar)   Constr. rmsd
   -1.34772e+05   -6.57515e+02    1.35104e-06

           Step           Time
             47       47.00000

   Energies (kJ/mol)
           Bond            U-B    Proper Dih.  Improper Dih.      CMAP Dih.
    6.39354e+02    6.55117e+02    8.71519e+02    3.56945e+01   -2.75520e+02
          LJ-14     Coulomb-14        LJ (SR)   Coulomb (SR)   Coul. recip.
    5.47483e+02    8.49217e+03    2.02726e+04   -1.68279e+05    1.87052e+03
      Potential Pressure (bar)   Constr. rmsd
   -1.35170e+05   -1.25640e+03    1.39733e-06

           Step           Time
             48       48.00000

   Energies (kJ/mol)
           Bond            U-B    Proper Dih.  Improper Dih.      CMAP Dih.
    1.98724e+02    5.59864e+02    8.72013e+02    2.76676e+01   -2.73476e+02
          LJ-14     Coulomb-14        LJ (SR)   Coulomb (SR)   Coul. recip.
    5.41126e+02    8.45945e+03    2.02140e+04   -1.68335e+05    1.85736e+03
      Potential Pressure (bar)   Constr. rmsd
   -1.35879e+05   -1.00427e+03    1.38042e-06

           Step           Time
             49       49.00000

           Step           Time
             50       50.00000

   Energies (kJ/mol)
           Bond            U-B    Proper Dih.  Improper Dih.      CMAP Dih.
    2.08853e+02    5.73391e+02    8.71720e+02    3.05690e+01   -2.74528e+02
          LJ-14     Coulomb-14        LJ (SR)   Coulomb (SR)   Coul. recip.
    5.42588e+02    8.47778e+03    2.01692e+04   -1.68507e+05    1.84072e+03
      Potential Pressure (bar)   Constr. rmsd
   -1.36067e+05   -1.22578e+03    1.35726e-06

           Step           Time
             51       51.00000

   Energies (kJ/mol)
           Bond            U-B    Proper Dih.  Improper Dih.      CMAP Dih.
    2.95560e+02    5.65474e+02    8.72553e+02    2.70827e+01   -2.73661e+02
          LJ-14     Coulomb-14        LJ (SR)   Coulomb (SR)   Coul. recip.
    5.38666e+02    8.45341e+03    2.01003e+04   -1.68627e+05    1.82230e+03
      Potential Pressure (bar)   Constr. rmsd
   -1.36225e+05   -1.12731e+03    1.37621e-06

           Step           Time
             52       52.00000

   Energies (kJ/mol)
           Bond            U-B    Proper Dih.  Improper Dih.      CMAP Dih.
    3.22428e+02    5.89715e+02    8.72049e+02    3.11222e+01   -2.74984e+02
          LJ-14     Coulomb-14        LJ (SR)   Coulomb (SR)   Coul. recip.
    5.41388e+02    8.48057e+03    2.00645e+04   -1.68802e+05    1.80755e+03
      Potential Pressure (bar)   Constr. rmsd
   -1.36367e+05   -1.41269e+03    1.36403e-06

           Step           Time
             53       53.00000

   Energies (kJ/mol)
           Bond            U-B    Proper Dih.  Improper Dih.      CMAP Dih.
    4.94007e+02    5.82718e+02    8.73159e+02    2.62988e+01   -2.73770e+02
          LJ-14     Coulomb-14        LJ (SR)   Coulomb (SR)   Coul. recip.
    5.36363e+02    8.44560e+03    1.99934e+04   -1.68903e+05    1.78963e+03
      Potential Pressure (bar)   Constr. rmsd
   -1.36436e+05   -1.24046e+03    1.52546e-06

           Step           Time
             54       54.00000

   Energies (kJ/mol)
           Bond            U-B    Proper Dih.  Improper Dih.      CMAP Dih.
    5.63644e+02    6.28781e+02    8.72387e+02    3.20850e+01   -2.75504e+02
          LJ-14     Coulomb-14        LJ (SR)   Coulomb (SR)   Coul. recip.
    5.40978e+02    8.48560e+03    1.99680e+04   -1.69088e+05    1.77675e+03
      Potential Pressure (bar)   Constr. rmsd
   -1.36495e+05   -1.62333e+03    1.49428e-06

           Step           Time
             55       55.00000

           Step           Time
             56       56.00000

   Energies (kJ/mol)
           Bond            U-B    Proper Dih.  Improper Dih.      CMAP Dih.
    1.18930e+02    5.42283e+02    8.72870e+02    2.77391e+01   -2.74428e+02
          LJ-14     Coulomb-14        LJ (SR)   Coulomb (SR)   Coul. recip.
    5.35953e+02    8.46024e+03    1.99274e+04   -1.69126e+05    1.76741e+03
      Potential Pressure (bar)   Constr. rmsd
   -1.37148e+05   -1.41841e+03    1.37287e-06

           Step           Time
             57       57.00000

   Energies (kJ/mol)
           Bond            U-B    Proper Dih.  Improper Dih.      CMAP Dih.
    7.91001e+02    6.59220e+02    8.73797e+02    3.41058e+01   -2.76851e+02
          LJ-14     Coulomb-14        LJ (SR)   Coulomb (SR)   Coul. recip.
    5.36989e+02    8.48606e+03    1.97194e+04   -1.69804e+05    1.69805e+03
      Potential Pressure (bar)   Constr. rmsd
   -1.37282e+05   -2.02287e+03    1.44956e-06

           Step           Time
             58       58.00000

   Energies (kJ/mol)
           Bond            U-B    Proper Dih.  Improper Dih.      CMAP Dih.
    2.05050e+02    5.40204e+02    8.74251e+02    2.66689e+01   -2.75093e+02
          LJ-14     Coulomb-14        LJ (SR)   Coulomb (SR)   Coul. recip.
    5.30124e+02    8.44873e+03    1.96729e+04   -1.69833e+05    1.68792e+03
      Potential Pressure (bar)   Constr. rmsd
   -1.38122e+05   -1.71503e+03    1.41574e-06

           Step           Time
             59       59.00000

           Step           Time
             60       60.00000

   Energies (kJ/mol)
           Bond            U-B    Proper Dih.  Improper Dih.      CMAP Dih.
    2.49964e+02    5.60666e+02    8.73968e+02    2.92985e+01   -2.75930e+02
          LJ-14     Coulomb-14        LJ (SR)   Coulomb (SR)   Coul. recip.
    5.31964e+02    8.46987e+03    1.96413e+04   -1.69987e+05    1.67626e+03
      Potential Pressure (bar)   Constr. rmsd
   -1.38229e+05   -1.94158e+03    1.49296e-06

           Step           Time
             61       61.00000

   Energies (kJ/mol)
           Bond            U-B    Proper Dih.  Improper Dih.      CMAP Dih.
    3.11566e+02    5.48549e+02    8.74782e+02    2.61148e+01   -2.75254e+02
          LJ-14     Coulomb-14        LJ (SR)   Coulomb (SR)   Coul. recip.
    5.28164e+02    8.44245e+03    1.95915e+04   -1.70066e+05    1.66337e+03
      Potential Pressure (bar)   Constr. rmsd
   -1.38355e+05   -1.80128e+03    1.44459e-06

           Step           Time
             62       62.00000

   Energies (kJ/mol)
           Bond            U-B    Proper Dih.  Improper Dih.      CMAP Dih.
    4.00442e+02    5.84352e+02    8.74282e+02    2.98382e+01   -2.76315e+02
          LJ-14     Coulomb-14        LJ (SR)   Coulomb (SR)   Coul. recip.
    5.31343e+02    8.47361e+03    1.95679e+04   -1.70225e+05    1.65331e+03
      Potential Pressure (bar)   Constr. rmsd
   -1.38387e+05   -2.10265e+03    1.42798e-06

           Step           Time
             63       63.00000

   Energies (kJ/mol)
           Bond            U-B    Proper Dih.  Improper Dih.      CMAP Dih.
    5.35561e+02    5.70011e+02    8.75377e+02    2.54228e+01   -2.75374e+02
          LJ-14     Coulomb-14        LJ (SR)   Coulomb (SR)   Coul. recip.
    5.26336e+02    8.43414e+03    1.95145e+04   -1.70287e+05    1.64015e+03
      Potential Pressure (bar)   Constr. rmsd
   -1.38441e+05   -1.88082e+03    1.46252e-06

           Step           Time
             64       64.00000

           Step           Time
             65       65.00000

   Energies (kJ/mol)
           Bond            U-B    Proper Dih.  Improper Dih.      CMAP Dih.
    1.14591e+02    5.29969e+02    8.74769e+02    2.74415e+01   -2.75918e+02
          LJ-14     Coulomb-14        LJ (SR)   Coulomb (SR)   Coul. recip.
    5.27485e+02    8.45684e+03    1.95052e+04   -1.70373e+05    1.63559e+03
      Potential Pressure (bar)   Constr. rmsd
   -1.38977e+05   -2.03092e+03    1.29492e-06

           Step           Time
             66       66.00000

   Energies (kJ/mol)
           Bond            U-B    Proper Dih.  Improper Dih.      CMAP Dih.
    7.91919e+02    5.90718e+02    8.76717e+02    2.51800e+01   -2.76361e+02
          LJ-14     Coulomb-14        LJ (SR)   Coulomb (SR)   Coul. recip.
    5.22110e+02    8.42397e+03    1.93260e+04   -1.70872e+05    1.58113e+03
      Potential Pressure (bar)   Constr. rmsd
   -1.39010e+05   -2.13360e+03    1.47126e-06

           Step           Time
             67       67.00000

   Energies (kJ/mol)
           Bond            U-B    Proper Dih.  Improper Dih.      CMAP Dih.
    1.73028e+02    5.34961e+02    8.75769e+02    2.80167e+01   -2.76872e+02
          LJ-14     Coulomb-14        LJ (SR)   Coulomb (SR)   Coul. recip.
    5.23878e+02    8.45835e+03    1.93200e+04   -1.70978e+05    1.57719e+03
      Potential Pressure (bar)   Constr. rmsd
   -1.39763e+05   -2.34580e+03    1.43461e-06

           Step           Time
             68       68.00000

           Step           Time
             69       69.00000

   Energies (kJ/mol)
           Bond            U-B    Proper Dih.  Improper Dih.      CMAP Dih.
    2.76679e+02    5.34981e+02    8.76508e+02    2.56968e+01   -2.76535e+02
          LJ-14     Coulomb-14        LJ (SR)   Coulomb (SR)   Coul. recip.
    5.21189e+02    8.43586e+03    1.92774e+04   -1.71064e+05    1.56529e+03
      Potential Pressure (bar)   Constr. rmsd
   -1.39827e+05   -2.24875e+03    1.40800e-06

           Step           Time
             70       70.00000

   Energies (kJ/mol)
           Bond            U-B    Proper Dih.  Improper Dih.      CMAP Dih.
    2.58369e+02    5.47644e+02    8.76018e+02    2.80428e+01   -2.77095e+02
          LJ-14     Coulomb-14        LJ (SR)   Coulomb (SR)   Coul. recip.
    5.23038e+02    8.46118e+03    1.92611e+04   -1.71188e+05    1.55865e+03
      Potential Pressure (bar)   Constr. rmsd
   -1.39951e+05   -2.47450e+03    1.27526e-06

           Step           Time
             71       71.00000

           Step           Time
             72       72.00000

   Energies (kJ/mol)
           Bond            U-B    Proper Dih.  Improper Dih.      CMAP Dih.
    1.20202e+02    5.19320e+02    8.76448e+02    2.63963e+01   -2.76847e+02
          LJ-14     Coulomb-14        LJ (SR)   Coulomb (SR)   Coul. recip.
    5.20818e+02    8.44493e+03    1.92386e+04   -1.71221e+05    1.55263e+03
      Potential Pressure (bar)   Constr. rmsd
   -1.40198e+05   -2.36710e+03    1.34052e-06

           Step           Time
             73       73.00000

   Energies (kJ/mol)
           Bond            U-B    Proper Dih.  Improper Dih.      CMAP Dih.
    3.23269e+02    5.54531e+02    8.76617e+02    2.80506e+01   -2.77571e+02
          LJ-14     Coulomb-14        LJ (SR)   Coulomb (SR)   Coul. recip.
    5.20845e+02    8.46105e+03    1.91604e+04   -1.71541e+05    1.52679e+03
      Potential Pressure (bar)   Constr. rmsd
   -1.40367e+05   -2.64910e+03    1.52771e-06

           Step           Time
             74       74.00000

   Energies (kJ/mol)
           Bond            U-B    Proper Dih.  Improper Dih.      CMAP Dih.
    1.53449e+02    5.18800e+02    8.77187e+02    2.58524e+01   -2.77231e+02
          LJ-14     Coulomb-14        LJ (SR)   Coulomb (SR)   Coul. recip.
    5.18031e+02    8.43847e+03    1.91349e+04   -1.71571e+05    1.51995e+03
      Potential Pressure (bar)   Constr. rmsd
   -1.40662e+05   -2.49542e+03    1.37833e-06

           Step           Time
             75       75.00000

           Step           Time
             76       76.00000

   Energies (kJ/mol)
           Bond            U-B    Proper Dih.  Improper Dih.      CMAP Dih.
    1.46803e+02    5.23656e+02    8.77011e+02    2.68523e+01   -2.77510e+02
          LJ-14     Coulomb-14        LJ (SR)   Coulomb (SR)   Coul. recip.
    5.18547e+02    8.45066e+03    1.91162e+04   -1.71672e+05    1.51334e+03
      Potential Pressure (bar)   Constr. rmsd
   -1.40777e+05   -2.62188e+03    1.34228e-06

           Step           Time
             77       77.00000

   Energies (kJ/mol)
           Bond            U-B    Proper Dih.  Improper Dih.      CMAP Dih.
    1.88288e+02    5.20700e+02    8.77574e+02    2.55649e+01   -2.77431e+02
          LJ-14     Coulomb-14        LJ (SR)   Coulomb (SR)   Coul. recip.
    5.16644e+02    8.43462e+03    1.90843e+04   -1.71748e+05    1.50387e+03
      Potential Pressure (bar)   Constr. rmsd
   -1.40874e+05   -2.55699e+03    1.36655e-06

           Step           Time
             78       78.00000

   Energies (kJ/mol)
           Bond            U-B    Proper Dih.  Improper Dih.      CMAP Dih.
    1.84620e+02    5.28561e+02    8.77264e+02    2.69362e+01   -2.77754e+02
          LJ-14     Coulomb-14        LJ (SR)   Coulomb (SR)   Coul. recip.
    5.17569e+02    8.45194e+03    1.90681e+04   -1.71855e+05    1.49779e+03
      Potential Pressure (bar)   Constr. rmsd
   -1.40980e+05   -2.71940e+03    1.35367e-06

           Step           Time
             79       79.00000

   Energies (kJ/mol)
           Bond            U-B    Proper Dih.  Improper Dih.      CMAP Dih.
    2.54851e+02    5.26129e+02    8.77985e+02    2.52279e+01   -2.77619e+02
          LJ-14     Coulomb-14        LJ (SR)   Coulomb (SR)   Coul. recip.
    5.15284e+02    8.42983e+03    1.90360e+04   -1.71919e+05    1.48840e+03
      Potential Pressure (bar)   Constr. rmsd
   -1.41043e+05   -2.61249e+03    1.38298e-06

           Step           Time
             80       80.00000

   Energies (kJ/mol)
           Bond            U-B    Proper Dih.  Improper Dih.      CMAP Dih.
    2.60307e+02    5.39288e+02    8.77489e+02    2.71159e+01   -2.78001e+02
          LJ-14     Coulomb-14        LJ (SR)   Coulomb (SR)   Coul. recip.
    5.16777e+02    8.45433e+03    1.90231e+04   -1.72034e+05    1.48301e+03
      Potential Pressure (bar)   Constr. rmsd
   -1.41131e+05   -2.82588e+03    1.45081e-06

           Step           Time
             81       81.00000

   Energies (kJ/mol)
           Bond            U-B    Proper Dih.  Improper Dih.      CMAP Dih.
    3.83939e+02    5.38343e+02    8.78437e+02    2.48360e+01   -2.77797e+02
          LJ-14     Coulomb-14        LJ (SR)   Coulomb (SR)   Coul. recip.
    5.13974e+02    8.42367e+03    1.89899e+04   -1.72083e+05    1.47349e+03
      Potential Pressure (bar)   Constr. rmsd
   -1.41134e+05   -2.66274e+03    1.42943e-06

           Step           Time
             82       82.00000

   Energies (kJ/mol)
           Bond            U-B    Proper Dih.  Improper Dih.      CMAP Dih.
    4.10753e+02    5.61473e+02    8.77685e+02    2.74445e+01   -2.78256e+02
          LJ-14     Coulomb-14        LJ (SR)   Coulomb (SR)   Coul. recip.
    5.16266e+02    8.45824e+03    1.89812e+04   -1.72211e+05    1.46901e+03
      Potential Pressure (bar)   Constr. rmsd
   -1.41187e+05   -2.94877e+03    1.35887e-06

           Step           Time
             83       83.00000

           Step           Time
             84       84.00000

   Energies (kJ/mol)
           Bond            U-B    Proper Dih.  Improper Dih.      CMAP Dih.
    1.21042e+02    5.11970e+02    8.78208e+02    2.56317e+01   -2.78049e+02
          LJ-14     Coulomb-14        LJ (SR)   Coulomb (SR)   Coul. recip.
    5.13753e+02    8.43681e+03    1.89623e+04   -1.72226e+05    1.46370e+03
      Potential Pressure (bar)   Constr. rmsd
   -1.41590e+05   -2.78359e+03    1.39128e-06

           Step           Time
             85       85.00000

           Step           Time
             86       86.00000

   Energies (kJ/mol)
           Bond            U-B    Proper Dih.  Improper Dih.      CMAP Dih.
    1.95213e+02    5.25176e+02    8.78226e+02    2.64774e+01   -2.78434e+02
          LJ-14     Coulomb-14        LJ (SR)   Coulomb (SR)   Coul. recip.
    5.13515e+02    8.44776e+03    1.89213e+04   -1.72421e+05    1.44939e+03
      Potential Pressure (bar)   Constr. rmsd
   -1.41742e+05   -2.95097e+03    1.42254e-06

           Step           Time
             87       87.00000

   Energies (kJ/mol)
           Bond            U-B    Proper Dih.  Improper Dih.      CMAP Dih.
    1.38172e+02    5.11539e+02    8.78689e+02    2.53678e+01   -2.78360e+02
          LJ-14     Coulomb-14        LJ (SR)   Coulomb (SR)   Coul. recip.
    5.11990e+02    8.43270e+03    1.89029e+04   -1.72456e+05    1.44380e+03
      Potential Pressure (bar)   Constr. rmsd
   -1.41889e+05   -2.86320e+03    1.29445e-06

           Step           Time
             88       88.00000

   Energies (kJ/mol)
           Bond            U-B    Proper Dih.  Improper Dih.      CMAP Dih.
    2.46155e+02    5.31588e+02    8.78483e+02    2.64636e+01   -2.78647e+02
          LJ-14     Coulomb-14        LJ (SR)   Coulomb (SR)   Coul. recip.
    5.12471e+02    8.44877e+03    1.88775e+04   -1.72606e+05    1.43442e+03
      Potential Pressure (bar)   Constr. rmsd
   -1.41929e+05   -3.04518e+03    1.46973e-06

           Step           Time
             89       89.00000

   Energies (kJ/mol)
           Bond            U-B    Proper Dih.  Improper Dih.      CMAP Dih.
    1.80484e+02    5.14339e+02    8.79116e+02    2.50280e+01   -2.78568e+02
          LJ-14     Coulomb-14        LJ (SR)   Coulomb (SR)   Coul. recip.
    5.10549e+02    8.42778e+03    1.88568e+04   -1.72638e+05    1.42813e+03
      Potential Pressure (bar)   Constr. rmsd
   -1.42094e+05   -2.91697e+03    1.32716e-06

           Step           Time
             90       90.00000

           Step           Time
             91       91.00000

   Energies (kJ/mol)
           Bond            U-B    Proper Dih.  Improper Dih.      CMAP Dih.
    1.27048e+02    5.11900e+02    8.78862e+02    2.57277e+01   -2.78702e+02
          LJ-14     Coulomb-14        LJ (SR)   Coulomb (SR)   Coul. recip.
    5.10889e+02    8.43940e+03    1.88480e+04   -1.72706e+05    1.42461e+03
      Potential Pressure (bar)   Constr. rmsd
   -1.42218e+05   -3.01524e+03    1.39777e-06

           Step           Time
             92       92.00000

   Energies (kJ/mol)
           Bond            U-B    Proper Dih.  Improper Dih.      CMAP Dih.
    2.18199e+02    5.17072e+02    8.79501e+02    2.48206e+01   -2.78805e+02
          LJ-14     Coulomb-14        LJ (SR)   Coulomb (SR)   Coul. recip.
    5.09243e+02    8.42425e+03    1.88139e+04   -1.72815e+05    1.41323e+03
      Potential Pressure (bar)   Constr. rmsd
   -1.42293e+05   -2.97676e+03    1.45750e-06

           Step           Time
             93       93.00000

   Energies (kJ/mol)
           Bond            U-B    Proper Dih.  Improper Dih.      CMAP Dih.
    1.52372e+02    5.14755e+02    8.79112e+02    2.57601e+01   -2.78949e+02
          LJ-14     Coulomb-14        LJ (SR)   Coulomb (SR)   Coul. recip.
    5.09785e+02    8.44050e+03    1.88059e+04   -1.72894e+05    1.40971e+03
      Potential Pressure (bar)   Constr. rmsd
   -1.42436e+05   -3.10723e+03    1.35898e-06

           Step           Time
             94       94.00000

           Step           Time
             95       95.00000

   Energies (kJ/mol)
           Bond            U-B    Proper Dih.  Improper Dih.      CMAP Dih.
    1.27525e+02    5.08054e+02    8.79475e+02    2.51165e+01   -2.78966e+02
          LJ-14     Coulomb-14        LJ (SR)   Coulomb (SR)   Coul. recip.
    5.08796e+02    8.43017e+03    1.87911e+04   -1.72933e+05    1.40484e+03
      Potential Pressure (bar)   Constr. rmsd
   -1.42536e+05   -3.05514e+03    1.40582e-06

           Step           Time
             96       96.00000

   Energies (kJ/mol)
           Bond            U-B    Proper Dih.  Improper Dih.      CMAP Dih.
    1.77845e+02    5.17374e+02    8.79350e+02    2.57430e+01   -2.79169e+02
          LJ-14     Coulomb-14        LJ (SR)   Coulomb (SR)   Coul. recip.
    5.08740e+02    8.44092e+03    1.87689e+04   -1.73063e+05    1.39641e+03
      Potential Pressure (bar)   Constr. rmsd
   -1.42627e+05   -3.18548e+03    1.39354e-06

           Step           Time
             97       97.00000

   Energies (kJ/mol)
           Bond            U-B    Proper Dih.  Improper Dih.      CMAP Dih.
    1.48272e+02    5.08945e+02    8.79837e+02    2.48789e+01   -2.79177e+02
          LJ-14     Coulomb-14        LJ (SR)   Coulomb (SR)   Coul. recip.
    5.07526e+02    8.42650e+03    1.87526e+04   -1.73100e+05    1.39103e+03
      Potential Pressure (bar)   Constr. rmsd
   -1.42739e+05   -3.10605e+03    1.34855e-06

           Step           Time
             98       98.00000

   Energies (kJ/mol)
           Bond            U-B    Proper Dih.  Improper Dih.      CMAP Dih.
    2.24678e+02    5.23121e+02    8.79540e+02    2.57783e+01   -2.79367e+02
          LJ-14     Coulomb-14        LJ (SR)   Coulomb (SR)   Coul. recip.
    5.07867e+02    8.44217e+03    1.87367e+04   -1.73218e+05    1.38457e+03
      Potential Pressure (bar)   Constr. rmsd
   -1.42773e+05   -3.26445e+03    1.42827e-06

           Step           Time
             99       99.00000

   Energies (kJ/mol)
           Bond            U-B    Proper Dih.  Improper Dih.      CMAP Dih.
    1.94800e+02    5.12714e+02    8.80200e+02    2.46182e+01   -2.79366e+02
          LJ-14     Coulomb-14        LJ (SR)   Coulomb (SR)   Coul. recip.
    5.06367e+02    8.42201e+03    1.87187e+04   -1.73249e+05    1.37867e+03
      Potential Pressure (bar)   Constr. rmsd
   -1.42890e+05   -3.14638e+03    1.31495e-06

           Step           Time
            100      100.00000

           Step           Time
            101      101.00000

   Energies (kJ/mol)
           Bond            U-B    Proper Dih.  Improper Dih.      CMAP Dih.
    1.23081e+02    5.07353e+02    8.79914e+02    2.51838e+01   -2.79450e+02
          LJ-14     Coulomb-14        LJ (SR)   Coulomb (SR)   Coul. recip.
    5.06580e+02    8.43325e+03    1.87128e+04   -1.73308e+05    1.37600e+03
      Potential Pressure (bar)   Constr. rmsd
   -1.43023e+05   -3.23385e+03    1.30579e-06

           Step           Time
            102      102.00000

   Energies (kJ/mol)
           Bond            U-B    Proper Dih.  Improper Dih.      CMAP Dih.
    2.34325e+02    5.15810e+02    8.80609e+02    2.44299e+01   -2.79635e+02
          LJ-14     Coulomb-14        LJ (SR)   Coulomb (SR)   Coul. recip.
    5.04975e+02    8.41851e+03    1.86768e+04   -1.73445e+05    1.36290e+03
      Potential Pressure (bar)   Constr. rmsd
   -1.43107e+05   -3.21169e+03    1.40268e-06

           Step           Time
            103      103.00000

   Energies (kJ/mol)
           Bond            U-B    Proper Dih.  Improper Dih.      CMAP Dih.
    1.44335e+02    5.09380e+02    8.80183e+02    2.51791e+01   -2.79718e+02
          LJ-14     Coulomb-14        LJ (SR)   Coulomb (SR)   Coul. recip.
    5.05298e+02    8.43412e+03    1.86713e+04   -1.73516e+05    1.36019e+03
      Potential Pressure (bar)   Constr. rmsd
   -1.43265e+05   -3.32849e+03    1.31666e-06

           Step           Time
            104      104.00000

           Step           Time
            105      105.00000

   Energies (kJ/mol)
           Bond            U-B    Proper Dih.  Improper Dih.      CMAP Dih.
    1.35002e+02    5.05750e+02    8.80562e+02    2.46572e+01   -2.79770e+02
          LJ-14     Coulomb-14        LJ (SR)   Coulomb (SR)   Coul. recip.
    5.04487e+02    8.42420e+03    1.86578e+04   -1.73557e+05    1.35533e+03
      Potential Pressure (bar)   Constr. rmsd
   -1.43349e+05   -3.28214e+03    1.48531e-06

           Step           Time
            106      106.00000

   Energies (kJ/mol)
           Bond            U-B    Proper Dih.  Improper Dih.      CMAP Dih.
    1.67498e+02    5.11782e+02    8.80357e+02    2.51649e+01   -2.79897e+02
          LJ-14     Coulomb-14        LJ (SR)   Coulomb (SR)   Coul. recip.
    5.04430e+02    8.43474e+03    1.86444e+04   -1.73656e+05    1.34967e+03
      Potential Pressure (bar)   Constr. rmsd
   -1.43418e+05   -3.39272e+03    1.53469e-06

           Step           Time
            107      107.00000

   Energies (kJ/mol)
           Bond            U-B    Proper Dih.  Improper Dih.      CMAP Dih.
    1.59242e+02    5.07474e+02    8.80864e+02    2.44672e+01   -2.79948e+02
          LJ-14     Coulomb-14        LJ (SR)   Coulomb (SR)   Coul. recip.
    5.03475e+02    8.42088e+03    1.86299e+04   -1.73693e+05    1.34446e+03
      Potential Pressure (bar)   Constr. rmsd
   -1.43503e+05   -3.32012e+03    1.48400e-06

           Step           Time
            108      108.00000

   Energies (kJ/mol)
           Bond            U-B    Proper Dih.  Improper Dih.      CMAP Dih.
    2.11690e+02    5.17005e+02    8.80499e+02    2.51948e+01   -2.80068e+02
          LJ-14     Coulomb-14        LJ (SR)   Coulomb (SR)   Coul. recip.
    5.03639e+02    8.43610e+03    1.86195e+04   -1.73793e+05    1.33969e+03
      Potential Pressure (bar)   Constr. rmsd
   -1.43539e+05   -3.46178e+03    1.42962e-06

           Step           Time
            109      109.00000

   Energies (kJ/mol)
           Bond            U-B    Proper Dih.  Improper Dih.      CMAP Dih.
    2.11400e+02    5.12165e+02    8.81187e+02    2.42556e+01   -2.80119e+02
          LJ-14     Coulomb-14        LJ (SR)   Coulomb (SR)   Coul. recip.
    5.02504e+02    8.41667e+03    1.86038e+04   -1.73823e+05    1.33412e+03
      Potential Pressure (bar)   Constr. rmsd
   -1.43617e+05   -3.35237e+03    1.41555e-06

           Step           Time
            110      110.00000

           Step           Time
            111      111.00000

   Energies (kJ/mol)
           Bond            U-B    Proper Dih.  Improper Dih.      CMAP Dih.
    1.21202e+02    5.04041e+02    8.80871e+02    2.47097e+01   -2.80168e+02
          LJ-14     Coulomb-14        LJ (SR)   Coulomb (SR)   Coul. recip.
    5.02589e+02    8.42757e+03    1.85998e+04   -1.73875e+05    1.33203e+03
      Potential Pressure (bar)   Constr. rmsd
   -1.43763e+05   -3.43088e+03    1.35387e-06

           Step           Time
            112      112.00000

   Energies (kJ/mol)
           Bond            U-B    Proper Dih.  Improper Dih.      CMAP Dih.
    2.53636e+02    5.15634e+02    8.81656e+02    2.40713e+01   -2.80446e+02
          LJ-14     Coulomb-14        LJ (SR)   Coulomb (SR)   Coul. recip.
    5.00861e+02    8.41311e+03    1.85594e+04   -1.74062e+05    1.31575e+03
      Potential Pressure (bar)   Constr. rmsd
   -1.43879e+05   -3.43151e+03    1.37640e-06

           Step           Time
            113      113.00000

   Energies (kJ/mol)
           Bond            U-B    Proper Dih.  Improper Dih.      CMAP Dih.
    1.39729e+02    5.05311e+02    8.81194e+02    2.46561e+01   -2.80487e+02
          LJ-14     Coulomb-14        LJ (SR)   Coulomb (SR)   Coul. recip.
    5.00973e+02    8.42807e+03    1.85557e+04   -1.74126e+05    1.31358e+03
      Potential Pressure (bar)   Constr. rmsd
   -1.44057e+05   -3.53607e+03    1.38933e-06

           Step           Time
            114      114.00000

           Step           Time
            115      115.00000

   Energies (kJ/mol)
           Bond            U-B    Proper Dih.  Improper Dih.      CMAP Dih.
    1.43533e+02    5.04329e+02    8.81590e+02    2.42347e+01   -2.80563e+02
          LJ-14     Coulomb-14        LJ (SR)   Coulomb (SR)   Coul. recip.
    5.00320e+02    8.41853e+03    1.85434e+04   -1.74171e+05    1.30869e+03
      Potential Pressure (bar)   Constr. rmsd
   -1.44127e+05   -3.49495e+03    1.43971e-06

           Step           Time
            116      116.00000

   Energies (kJ/mol)
           Bond            U-B    Proper Dih.  Improper Dih.      CMAP Dih.
    1.61378e+02    5.07502e+02    8.81327e+02    2.46359e+01   -2.80642e+02
          LJ-14     Coulomb-14        LJ (SR)   Coulomb (SR)   Coul. recip.
    5.00184e+02    8.42876e+03    1.85350e+04   -1.74252e+05    1.30460e+03
      Potential Pressure (bar)   Constr. rmsd
   -1.44189e+05   -3.59188e+03    1.30183e-06

           Step           Time
            117      117.00000

   Energies (kJ/mol)
           Bond            U-B    Proper Dih.  Improper Dih.      CMAP Dih.
    1.72078e+02    5.06828e+02    8.81855e+02    2.40796e+01   -2.80720e+02
          LJ-14     Coulomb-14        LJ (SR)   Coulomb (SR)   Coul. recip.
    4.99468e+02    8.41544e+03    1.85223e+04   -1.74290e+05    1.29957e+03
      Potential Pressure (bar)   Constr. rmsd
   -1.44249e+05   -3.52558e+03    1.42554e-06

           Step           Time
            118      118.00000

   Energies (kJ/mol)
           Bond            U-B    Proper Dih.  Improper Dih.      CMAP Dih.
    2.04534e+02    5.12371e+02    8.81432e+02    2.46535e+01   -2.80792e+02
          LJ-14     Coulomb-14        LJ (SR)   Coulomb (SR)   Coul. recip.
    4.99434e+02    8.43017e+03    1.85155e+04   -1.74376e+05    1.29590e+03
      Potential Pressure (bar)   Constr. rmsd
   -1.44293e+05   -3.65382e+03    1.39134e-06

           Step           Time
            119      119.00000

   Energies (kJ/mol)
           Bond            U-B    Proper Dih.  Improper Dih.      CMAP Dih.
    2.31832e+02    5.12535e+02    8.82148e+02    2.39075e+01   -2.80875e+02
          LJ-14     Coulomb-14        LJ (SR)   Coulomb (SR)   Coul. recip.
    4.98644e+02    8.41146e+03    1.85020e+04   -1.74406e+05    1.29071e+03
      Potential Pressure (bar)   Constr. rmsd
   -1.44333e+05   -3.55259e+03    1.40505e-06

           Step           Time
            120      120.00000

   Energies (kJ/mol)
           Bond            U-B    Proper Dih.  Improper Dih.      CMAP Dih.
    2.91064e+02    5.22796e+02    8.81498e+02    2.47262e+01   -2.80937e+02
          LJ-14     Coulomb-14        LJ (SR)   Coulomb (SR)   Coul. recip.
    4.98737e+02    8.43257e+03    1.84972e+04   -1.74501e+05    1.28754e+03
      Potential Pressure (bar)   Constr. rmsd
   -1.44346e+05   -3.72645e+03    1.34020e-06

           Step           Time
            121      121.00000

           Step           Time
            122      122.00000

   Energies (kJ/mol)
           Bond            U-B    Proper Dih.  Improper Dih.      CMAP Dih.
    1.20150e+02    5.01205e+02    8.81966e+02    2.41408e+01   -2.80977e+02
          LJ-14     Coulomb-14        LJ (SR)   Coulomb (SR)   Coul. recip.
    4.98164e+02    8.41938e+03    1.84895e+04   -1.74509e+05    1.28462e+03
      Potential Pressure (bar)   Constr. rmsd
   -1.44571e+05   -3.62761e+03    1.32790e-06

           Step           Time
            123      123.00000

   Energies (kJ/mol)
           Bond            U-B    Proper Dih.  Improper Dih.      CMAP Dih.
    3.84181e+02    5.30492e+02    8.82052e+02    2.45284e+01   -2.81461e+02
          LJ-14     Coulomb-14        LJ (SR)   Coulomb (SR)   Coul. recip.
    4.95901e+02    8.43215e+03    1.84359e+04   -1.74914e+05    1.25807e+03
      Potential Pressure (bar)   Constr. rmsd
   -1.44752e+05   -3.89066e+03    1.48911e-06

           Step           Time
            124      124.00000

   Energies (kJ/mol)
           Bond            U-B    Proper Dih.  Improper Dih.      CMAP Dih.
    1.38889e+02    5.01665e+02    8.82719e+02    2.37746e+01   -2.81511e+02
          LJ-14     Coulomb-14        LJ (SR)   Coulomb (SR)   Coul. recip.
    4.95329e+02    8.41337e+03    1.84272e+04   -1.74915e+05    1.25482e+03
      Potential Pressure (bar)   Constr. rmsd
   -1.45059e+05   -3.74624e+03    1.35580e-06

           Step           Time
            125      125.00000

           Step           Time
            126      126.00000

   Energies (kJ/mol)
           Bond            U-B    Proper Dih.  Improper Dih.      CMAP Dih.
    1.83336e+02    5.06761e+02    8.82428e+02    2.40876e+01   -2.81571e+02
          LJ-14     Coulomb-14        LJ (SR)   Coulomb (SR)   Coul. recip.
    4.95018e+02    8.42353e+03    1.84201e+04   -1.75002e+05    1.25056e+03
      Potential Pressure (bar)   Constr. rmsd
   -1.45097e+05   -3.84450e+03    1.33387e-06

           Step           Time
            127      127.00000

   Energies (kJ/mol)
           Bond            U-B    Proper Dih.  Improper Dih.      CMAP Dih.
    1.67645e+02    5.04512e+02    8.82962e+02    2.36374e+01   -2.81652e+02
          LJ-14     Coulomb-14        LJ (SR)   Coulomb (SR)   Coul. recip.
    4.94575e+02    8.41015e+03    1.84111e+04   -1.75027e+05    1.24674e+03
      Potential Pressure (bar)   Constr. rmsd
   -1.45167e+05   -3.76976e+03    1.47139e-06

           Step           Time
            128      128.00000

   Energies (kJ/mol)
           Bond            U-B    Proper Dih.  Improper Dih.      CMAP Dih.
    2.38266e+02    5.12987e+02    8.82490e+02    2.41069e+01   -2.81697e+02
          LJ-14     Coulomb-14        LJ (SR)   Coulomb (SR)   Coul. recip.
    4.94319e+02    8.42508e+03    1.84061e+04   -1.75115e+05    1.24313e+03
      Potential Pressure (bar)   Constr. rmsd
   -1.45170e+05   -3.90134e+03    1.40242e-06

           Step           Time
            129      129.00000

   Energies (kJ/mol)
           Bond            U-B    Proper Dih.  Improper Dih.      CMAP Dih.
    2.30436e+02    5.10772e+02    8.83231e+02    2.34914e+01   -2.81792e+02
          LJ-14     Coulomb-14        LJ (SR)   Coulomb (SR)   Coul. recip.
    4.93863e+02    8.40617e+03    1.83962e+04   -1.75132e+05    1.23905e+03
      Potential Pressure (bar)   Constr. rmsd
   -1.45231e+05   -3.79067e+03    1.36023e-06

           Step           Time
            130      130.00000

           Step           Time
            131      131.00000

   Energies (kJ/mol)
           Bond            U-B    Proper Dih.  Improper Dih.      CMAP Dih.
    1.26172e+02    4.99843e+02    8.82851e+02    2.37748e+01   -2.81802e+02
          LJ-14     Coulomb-14        LJ (SR)   Coulomb (SR)   Coul. recip.
    4.93681e+02    8.41693e+03    1.83944e+04   -1.75180e+05    1.23738e+03
      Potential Pressure (bar)   Constr. rmsd
   -1.45387e+05   -3.86117e+03    1.31935e-06

           Step           Time
            132      132.00000

   Energies (kJ/mol)
           Bond            U-B    Proper Dih.  Improper Dih.      CMAP Dih.
    2.86600e+02    5.16221e+02    8.83583e+02    2.33480e+01   -2.82044e+02
          LJ-14     Coulomb-14        LJ (SR)   Coulomb (SR)   Coul. recip.
    4.92571e+02    8.40300e+03    1.83712e+04   -1.75329e+05    1.22531e+03
      Potential Pressure (bar)   Constr. rmsd
   -1.45409e+05   -3.84815e+03    1.44205e-06

           Step           Time
            133      133.00000

   Energies (kJ/mol)
           Bond            U-B    Proper Dih.  Improper Dih.      CMAP Dih.
    1.51006e+02    5.01746e+02    8.83031e+02    2.37233e+01   -2.82045e+02
          LJ-14     Coulomb-14        LJ (SR)   Coulomb (SR)   Coul. recip.
    4.92312e+02    8.41796e+03    1.83699e+04   -1.75389e+05    1.22351e+03
      Potential Pressure (bar)   Constr. rmsd
   -1.45608e+05   -3.94413e+03    1.43767e-06

           Step           Time
            134      134.00000

           Step           Time
            135      135.00000

   Energies (kJ/mol)
           Bond            U-B    Proper Dih.  Improper Dih.      CMAP Dih.
    1.51738e+02    5.02135e+02    8.83442e+02    2.34349e+01   -2.82125e+02
          LJ-14     Coulomb-14        LJ (SR)   Coulomb (SR)   Coul. recip.
    4.92005e+02    8.40850e+03    1.83625e+04   -1.75422e+05    1.21988e+03
      Potential Pressure (bar)   Constr. rmsd
   -1.45661e+05   -3.89798e+03    1.35583e-06

           Step           Time
            136      136.00000

   Energies (kJ/mol)
           Bond            U-B    Proper Dih.  Improper Dih.      CMAP Dih.
    1.80296e+02    5.04663e+02    8.83092e+02    2.36977e+01   -2.82162e+02
          LJ-14     Coulomb-14        LJ (SR)   Coulomb (SR)   Coul. recip.
    4.91626e+02    8.41894e+03    1.83585e+04   -1.75495e+05    1.21665e+03
      Potential Pressure (bar)   Constr. rmsd
   -1.45700e+05   -3.99016e+03    1.38154e-06

           Step           Time
            137      137.00000

   Energies (kJ/mol)
           Bond            U-B    Proper Dih.  Improper Dih.      CMAP Dih.
    1.88366e+02    5.05892e+02    8.83656e+02    2.33187e+01   -2.82251e+02
          LJ-14     Coulomb-14        LJ (SR)   Coulomb (SR)   Coul. recip.
    4.91360e+02    8.40557e+03    1.83506e+04   -1.75521e+05    1.21293e+03
      Potential Pressure (bar)   Constr. rmsd
   -1.45742e+05   -3.91860e+03    1.37267e-06

           Step           Time
            138      138.00000

   Energies (kJ/mol)
           Bond            U-B    Proper Dih.  Improper Dih.      CMAP Dih.
    2.38918e+02    5.11047e+02    8.83120e+02    2.37038e+01   -2.82274e+02
          LJ-14     Coulomb-14        LJ (SR)   Coulomb (SR)   Coul. recip.
    4.90952e+02    8.42065e+03    1.83479e+04   -1.75601e+05    1.20997e+03
      Potential Pressure (bar)   Constr. rmsd
   -1.45757e+05   -4.04380e+03    1.42835e-06

           Step           Time
            139      139.00000

   Energies (kJ/mol)
           Bond            U-B    Proper Dih.  Improper Dih.      CMAP Dih.
    2.67024e+02    5.13864e+02    8.83903e+02    2.31929e+01   -2.82377e+02
          LJ-14     Coulomb-14        LJ (SR)   Coulomb (SR)   Coul. recip.
    4.90758e+02    8.40168e+03    1.83392e+04   -1.75617e+05    1.20617e+03
      Potential Pressure (bar)   Constr. rmsd
   -1.45774e+05   -3.93692e+03    1.42697e-06

           Step           Time
            140      140.00000

           Step           Time
            141      141.00000

   Energies (kJ/mol)
           Bond            U-B    Proper Dih.  Improper Dih.      CMAP Dih.
    1.24825e+02    4.98525e+02    8.83487e+02    2.34158e+01   -2.82378e+02
          LJ-14     Coulomb-14        LJ (SR)   Coulomb (SR)   Coul. recip.
    4.90456e+02    8.41254e+03    1.83384e+04   -1.75662e+05    1.20468e+03
      Potential Pressure (bar)   Constr. rmsd
   -1.45969e+05   -4.00134e+03    1.40627e-06

           Step           Time
            142      142.00000

   Energies (kJ/mol)
           Bond            U-B    Proper Dih.  Improper Dih.      CMAP Dih.
    3.34661e+02    5.20657e+02    8.84325e+02    2.30204e+01   -2.82713e+02
          LJ-14     Coulomb-14        LJ (SR)   Coulomb (SR)   Coul. recip.
    4.88986e+02    8.39834e+03    1.83114e+04   -1.75891e+05    1.18780e+03
      Potential Pressure (bar)   Constr. rmsd
   -1.46024e+05   -4.01726e+03    1.41058e-06

           Step           Time
            143      143.00000

   Energies (kJ/mol)
           Bond            U-B    Proper Dih.  Improper Dih.      CMAP Dih.
    1.49512e+02    4.99784e+02    8.83724e+02    2.33018e+01   -2.82702e+02
          LJ-14     Coulomb-14        LJ (SR)   Coulomb (SR)   Coul. recip.
    4.88539e+02    8.41325e+03    1.83111e+04   -1.75948e+05    1.18612e+03
      Potential Pressure (bar)   Constr. rmsd
   -1.46275e+05   -4.10429e+03    1.37674e-06

           Step           Time
            144      144.00000

           Step           Time
            145      145.00000

   Energies (kJ/mol)
           Bond            U-B    Proper Dih.  Improper Dih.      CMAP Dih.
    1.67794e+02    5.03099e+02    8.84154e+02    2.30630e+01   -2.82786e+02
          LJ-14     Coulomb-14        LJ (SR)   Coulomb (SR)   Coul. recip.
    4.88366e+02    8.40371e+03    1.83047e+04   -1.75984e+05    1.18249e+03
      Potential Pressure (bar)   Constr. rmsd
   -1.46309e+05   -4.06014e+03    1.33115e-06

           Step           Time
            146      146.00000

   Energies (kJ/mol)
           Bond            U-B    Proper Dih.  Improper Dih.      CMAP Dih.
    1.79825e+02    5.02874e+02    8.83752e+02    2.32648e+01   -2.82806e+02
          LJ-14     Coulomb-14        LJ (SR)   Coulomb (SR)   Coul. recip.
    4.87884e+02    8.41422e+03    1.83028e+04   -1.76049e+05    1.17989e+03
      Potential Pressure (bar)   Constr. rmsd
   -1.46357e+05   -4.14619e+03    1.32336e-06

           Step           Time
            147      147.00000

   Energies (kJ/mol)
           Bond            U-B    Proper Dih.  Improper Dih.      CMAP Dih.
    2.15662e+02    5.08175e+02    8.84342e+02    2.29632e+01   -2.82898e+02
          LJ-14     Coulomb-14        LJ (SR)   Coulomb (SR)   Coul. recip.
    4.87814e+02    8.40081e+03    1.82962e+04   -1.76075e+05    1.17635e+03
      Potential Pressure (bar)   Constr. rmsd
   -1.46365e+05   -4.07749e+03    1.38974e-06

           Step           Time
            148      148.00000

   Energies (kJ/mol)
           Bond            U-B    Proper Dih.  Improper Dih.      CMAP Dih.
    2.43490e+02    5.09699e+02    8.83743e+02    2.32606e+01   -2.82905e+02
          LJ-14     Coulomb-14        LJ (SR)   Coulomb (SR)   Coul. recip.
    4.87222e+02    8.41603e+03    1.82954e+04   -1.76149e+05    1.17383e+03
      Potential Pressure (bar)   Constr. rmsd
   -1.46399e+05   -4.19697e+03    1.29210e-06

           Step           Time
            149      149.00000

           Step           Time
            150      150.00000

   Energies (kJ/mol)
           Bond            U-B    Proper Dih.  Improper Dih.      CMAP Dih.
    1.24999e+02    4.97909e+02    8.84145e+02    2.30192e+01   -2.82957e+02
          LJ-14     Coulomb-14        LJ (SR)   Coulomb (SR)   Coul. recip.
    4.87223e+02    8.40650e+03    1.82915e+04   -1.76156e+05    1.17196e+03
      Potential Pressure (bar)   Constr. rmsd
   -1.46551e+05   -4.12697e+03    1.38380e-06

           Step           Time
            151      151.00000

   Energies (kJ/mol)
           Bond            U-B    Proper Dih.  Improper Dih.      CMAP Dih.
    3.13184e+02    5.16140e+02    8.83872e+02    2.31495e+01   -2.83137e+02
          LJ-14     Coulomb-14        LJ (SR)   Coulomb (SR)   Coul. recip.
    4.85755e+02    8.41670e+03    1.82793e+04   -1.76365e+05    1.16021e+03
      Potential Pressure (bar)   Constr. rmsd
   -1.46570e+05   -4.27834e+03    1.43670e-06

           Step           Time
            152      152.00000

   Energies (kJ/mol)
           Bond            U-B    Proper Dih.  Improper Dih.      CMAP Dih.
    1.42354e+02    4.99725e+02    8.84450e+02    2.28285e+01   -2.83206e+02
          LJ-14     Coulomb-14        LJ (SR)   Coulomb (SR)   Coul. recip.
    4.85873e+02    8.40289e+03    1.82746e+04   -1.76367e+05    1.15811e+03
      Potential Pressure (bar)   Constr. rmsd
   -1.46779e+05   -4.17439e+03    1.34121e-06

           Step           Time
            153      153.00000

           Step           Time
            154      154.00000

   Energies (kJ/mol)
           Bond            U-B    Proper Dih.  Improper Dih.      CMAP Dih.
    1.67172e+02    5.00744e+02    8.84151e+02    2.29439e+01   -2.83234e+02
          LJ-14     Coulomb-14        LJ (SR)   Coulomb (SR)   Coul. recip.
    4.85359e+02    8.41061e+03    1.82727e+04   -1.76431e+05    1.15516e+03
      Potential Pressure (bar)   Constr. rmsd
   -1.46815e+05   -4.24370e+03    1.36873e-06

           Step           Time
            155      155.00000

   Energies (kJ/mol)
           Bond            U-B    Proper Dih.  Improper Dih.      CMAP Dih.
    1.66674e+02    5.02469e+02    8.84596e+02    2.27444e+01   -2.83310e+02
          LJ-14     Coulomb-14        LJ (SR)   Coulomb (SR)   Coul. recip.
    4.85343e+02    8.40061e+03    1.82681e+04   -1.76455e+05    1.15234e+03
      Potential Pressure (bar)   Constr. rmsd
   -1.46856e+05   -4.19053e+03    1.29255e-06

           Step           Time
            156      156.00000

   Energies (kJ/mol)
           Bond            U-B    Proper Dih.  Improper Dih.      CMAP Dih.
    2.09444e+02    5.04996e+02    8.84144e+02    2.29224e+01   -2.83324e+02
          LJ-14     Coulomb-14        LJ (SR)   Coulomb (SR)   Coul. recip.
    4.84734e+02    8.41187e+03    1.82671e+04   -1.76524e+05    1.14955e+03
      Potential Pressure (bar)   Constr. rmsd
   -1.46873e+05   -4.28512e+03    1.29071e-06

           Step           Time
            157      157.00000

   Energies (kJ/mol)
           Bond            U-B    Proper Dih.  Improper Dih.      CMAP Dih.
    2.19575e+02    5.08174e+02    8.84769e+02    2.26535e+01   -2.83414e+02
          LJ-14     Coulomb-14        LJ (SR)   Coulomb (SR)   Coul. recip.
    4.84858e+02    8.39763e+03    1.82619e+04   -1.76541e+05    1.14672e+03
      Potential Pressure (bar)   Constr. rmsd
   -1.46898e+05   -4.20484e+03    1.28954e-06

           Step           Time
            158      158.00000

           Step           Time
            159      159.00000

   Energies (kJ/mol)
           Bond            U-B    Proper Dih.  Improper Dih.      CMAP Dih.
    1.26982e+02    4.97005e+02    8.84425e+02    2.27560e+01   -2.83412e+02
          LJ-14     Coulomb-14        LJ (SR)   Coulomb (SR)   Coul. recip.
    4.84442e+02    8.40579e+03    1.82618e+04   -1.76580e+05    1.14526e+03
      Potential Pressure (bar)   Constr. rmsd
   -1.47034e+05   -4.25500e+03    1.38090e-06

           Step           Time
            160      160.00000

   Energies (kJ/mol)
           Bond            U-B    Proper Dih.  Improper Dih.      CMAP Dih.
    2.68854e+02    5.13286e+02    8.85013e+02    2.24991e+01   -2.83664e+02
          LJ-14     Coulomb-14        LJ (SR)   Coulomb (SR)   Coul. recip.
    4.83461e+02    8.39487e+03    1.82486e+04   -1.76764e+05    1.13253e+03
      Potential Pressure (bar)   Constr. rmsd
   -1.47099e+05   -4.26185e+03    1.35348e-06

           Step           Time
            161      161.00000

   Energies (kJ/mol)
           Bond            U-B    Proper Dih.  Improper Dih.      CMAP Dih.
    1.46009e+02    4.97920e+02    8.84514e+02    2.26363e+01   -2.83654e+02
          LJ-14     Coulomb-14        LJ (SR)   Coulomb (SR)   Coul. recip.
    4.82876e+02    8.40637e+03    1.82492e+04   -1.76814e+05    1.13083e+03
      Potential Pressure (bar)   Constr. rmsd
   -1.47277e+05   -4.33134e+03    1.36750e-06

           Step           Time
            162      162.00000

           Step           Time
            163      163.00000

   Energies (kJ/mol)
           Bond            U-B    Proper Dih.  Improper Dih.      CMAP Dih.
    1.54105e+02    5.00643e+02    8.84848e+02    2.24951e+01   -2.83723e+02
          LJ-14     Coulomb-14        LJ (SR)   Coulomb (SR)   Coul. recip.
    4.82846e+02    8.39897e+03    1.82456e+04   -1.76846e+05    1.12798e+03
      Potential Pressure (bar)   Constr. rmsd
   -1.47312e+05   -4.29674e+03    1.35216e-06

           Step           Time
            164      164.00000

   Energies (kJ/mol)
           Bond            U-B    Proper Dih.  Improper Dih.      CMAP Dih.
    1.69102e+02    5.00066e+02    8.84502e+02    2.25898e+01   -2.83739e+02
          LJ-14     Coulomb-14        LJ (SR)   Coulomb (SR)   Coul. recip.
    4.82280e+02    8.40715e+03    1.82452e+04   -1.76903e+05    1.12549e+03
      Potential Pressure (bar)   Constr. rmsd
   -1.47351e+05   -4.36485e+03    1.36136e-06

           Step           Time
            165      165.00000

   Energies (kJ/mol)
           Bond            U-B    Proper Dih.  Improper Dih.      CMAP Dih.
    1.86991e+02    5.04377e+02    8.84969e+02    2.24149e+01   -2.83816e+02
          LJ-14     Coulomb-14        LJ (SR)   Coulomb (SR)   Coul. recip.
    4.82385e+02    8.39667e+03    1.82414e+04   -1.76928e+05    1.12277e+03
      Potential Pressure (bar)   Constr. rmsd
   -1.47369e+05   -4.31047e+03    1.37497e-06

           Step           Time
            166      166.00000

   Energies (kJ/mol)
           Bond            U-B    Proper Dih.  Improper Dih.      CMAP Dih.
    2.16950e+02    5.04871e+02    8.84459e+02    2.25619e+01   -2.83820e+02
          LJ-14     Coulomb-14        LJ (SR)   Coulomb (SR)   Coul. recip.
    4.81667e+02    8.40856e+03    1.82419e+04   -1.76993e+05    1.12026e+03
      Potential Pressure (bar)   Constr. rmsd
   -1.47396e+05   -4.40515e+03    1.32457e-06

           Step           Time
            167      167.00000

           Step           Time
            168      168.00000

   Energies (kJ/mol)
           Bond            U-B    Proper Dih.  Improper Dih.      CMAP Dih.
    1.25947e+02    4.96822e+02    8.84785e+02    2.24232e+01   -2.83865e+02
          LJ-14     Coulomb-14        LJ (SR)   Coulomb (SR)   Coul. recip.
    4.81790e+02    8.40109e+03    1.82395e+04   -1.77000e+05    1.11887e+03
      Potential Pressure (bar)   Constr. rmsd
   -1.47513e+05   -4.35081e+03    1.28951e-06

           Step           Time
            169      169.00000

   Energies (kJ/mol)
           Bond            U-B    Proper Dih.  Improper Dih.      CMAP Dih.
    2.70418e+02    5.09563e+02    8.84496e+02    2.24264e+01   -2.84034e+02
          LJ-14     Coulomb-14        LJ (SR)   Coulomb (SR)   Coul. recip.
    4.80208e+02    8.40893e+03    1.82341e+04   -1.77211e+05    1.10709e+03
      Potential Pressure (bar)   Constr. rmsd
   -1.47578e+05   -4.47647e+03    1.25348e-06

           Step           Time
            170      170.00000

   Energies (kJ/mol)
           Bond            U-B    Proper Dih.  Improper Dih.      CMAP Dih.
    1.37076e+02    4.98186e+02    8.84965e+02    2.22438e+01   -2.84094e+02
          LJ-14     Coulomb-14        LJ (SR)   Coulomb (SR)   Coul. recip.
    4.80479e+02    8.39804e+03    1.82310e+04   -1.77214e+05    1.10558e+03
      Potential Pressure (bar)   Constr. rmsd
   -1.47740e+05   -4.39496e+03    1.27062e-06

           Step           Time
            171      171.00000

           Step           Time
            172      172.00000

   Energies (kJ/mol)
           Bond            U-B    Proper Dih.  Improper Dih.      CMAP Dih.
    1.61067e+02    4.98789e+02    8.84699e+02    2.22924e+01   -2.84118e+02
          LJ-14     Coulomb-14        LJ (SR)   Coulomb (SR)   Coul. recip.
    4.79921e+02    8.40410e+03    1.82309e+04   -1.77273e+05    1.10274e+03
      Potential Pressure (bar)   Constr. rmsd
   -1.47773e+05   -4.45092e+03    1.35918e-06

           Step           Time
            173      173.00000

   Energies (kJ/mol)
           Bond            U-B    Proper Dih.  Improper Dih.      CMAP Dih.
    1.53629e+02    5.00256e+02    8.85049e+02    2.21729e+01   -2.84180e+02
          LJ-14     Coulomb-14        LJ (SR)   Coulomb (SR)   Coul. recip.
    4.80023e+02    8.39617e+03    1.82283e+04   -1.77294e+05    1.10057e+03
      Potential Pressure (bar)   Constr. rmsd
   -1.47812e+05   -4.40794e+03    1.38224e-06

           Step           Time
            174      174.00000

   Energies (kJ/mol)
           Bond            U-B    Proper Dih.  Improper Dih.      CMAP Dih.
    1.93723e+02    5.01904e+02    8.84655e+02    2.22582e+01   -2.84191e+02
          LJ-14     Coulomb-14        LJ (SR)   Coulomb (SR)   Coul. recip.
    4.79347e+02    8.40509e+03    1.82290e+04   -1.77358e+05    1.09783e+03
      Potential Pressure (bar)   Constr. rmsd
   -1.47828e+05   -4.48426e+03    1.29452e-06

           Step           Time
            175      175.00000

   Energies (kJ/mol)
           Bond            U-B    Proper Dih.  Improper Dih.      CMAP Dih.
    1.90435e+02    5.04500e+02    8.85152e+02    2.20992e+01   -2.84266e+02
          LJ-14     Coulomb-14        LJ (SR)   Coulomb (SR)   Coul. recip.
    4.79610e+02    8.39375e+03    1.82259e+04   -1.77373e+05    1.09571e+03
      Potential Pressure (bar)   Constr. rmsd
   -1.47860e+05   -4.41919e+03    1.38363e-06

           Step           Time
            176      176.00000

           Step           Time
            177      177.00000

   Energies (kJ/mol)
           Bond            U-B    Proper Dih.  Improper Dih.      CMAP Dih.
    1.29325e+02    4.96220e+02    8.84859e+02    2.21481e+01   -2.84264e+02
          LJ-14     Coulomb-14        LJ (SR)   Coulomb (SR)   Coul. recip.
    4.79156e+02    8.40025e+03    1.82266e+04   -1.77408e+05    1.09427e+03
      Potential Pressure (bar)   Constr. rmsd
   -1.47959e+05   -4.46086e+03    1.40242e-06

           Step           Time
            178      178.00000

   Energies (kJ/mol)
           Bond            U-B    Proper Dih.  Improper Dih.      CMAP Dih.
    2.26383e+02    5.08395e+02    8.85247e+02    2.19746e+01   -2.84441e+02
          LJ-14     Coulomb-14        LJ (SR)   Coulomb (SR)   Coul. recip.
    4.78578e+02    8.39149e+03    1.82221e+04   -1.77545e+05    1.08526e+03
      Potential Pressure (bar)   Constr. rmsd
   -1.48010e+05   -4.45712e+03    1.36270e-06

           Step           Time
            179      179.00000

   Energies (kJ/mol)
           Bond            U-B    Proper Dih.  Improper Dih.      CMAP Dih.
    1.44979e+02    4.97032e+02    8.84822e+02    2.20454e+01   -2.84432e+02
          LJ-14     Coulomb-14        LJ (SR)   Coulomb (SR)   Coul. recip.
    4.77948e+02    8.40080e+03    1.82234e+04   -1.77590e+05    1.08355e+03
      Potential Pressure (bar)   Constr. rmsd
   -1.48140e+05   -4.51577e+03    1.26375e-06

           Step           Time
            180      180.00000

           Step           Time
            181      181.00000

   Energies (kJ/mol)
           Bond            U-B    Proper Dih.  Improper Dih.      CMAP Dih.
    1.45364e+02    4.99022e+02    8.85079e+02    2.19539e+01   -2.84488e+02
          LJ-14     Coulomb-14        LJ (SR)   Coulomb (SR)   Coul. recip.
    4.77992e+02    8.39480e+03    1.82217e+04   -1.77617e+05    1.08133e+03
      Potential Pressure (bar)   Constr. rmsd
   -1.48175e+05   -4.48667e+03    1.31375e-06

           Step           Time
            182      182.00000

   Energies (kJ/mol)
           Bond            U-B    Proper Dih.  Improper Dih.      CMAP Dih.
    1.63567e+02    4.98632e+02    8.84774e+02    2.19983e+01   -2.84501e+02
          LJ-14     Coulomb-14        LJ (SR)   Coulomb (SR)   Coul. recip.
    4.77402e+02    8.40144e+03    1.82226e+04   -1.77671e+05    1.07888e+03
      Potential Pressure (bar)   Constr. rmsd
   -1.48206e+05   -4.54342e+03    1.40374e-06

           Step           Time
            183      183.00000

   Energies (kJ/mol)
           Bond            U-B    Proper Dih.  Improper Dih.      CMAP Dih.
    1.68227e+02    5.01807e+02    8.85143e+02    2.18862e+01   -2.84565e+02
          LJ-14     Coulomb-14        LJ (SR)   Coulomb (SR)   Coul. recip.
    4.77589e+02    8.39289e+03    1.82206e+04   -1.77693e+05    1.07676e+03
      Potential Pressure (bar)   Constr. rmsd
   -1.48232e+05   -4.49774e+03    1.46686e-06

           Step           Time
            184      184.00000

   Energies (kJ/mol)
           Bond            U-B    Proper Dih.  Improper Dih.      CMAP Dih.
    2.01274e+02    5.02246e+02    8.84699e+02    2.19625e+01   -2.84567e+02
          LJ-14     Coulomb-14        LJ (SR)   Coulomb (SR)   Coul. recip.
    4.76839e+02    8.40259e+03    1.82223e+04   -1.77752e+05    1.07427e+03
      Potential Pressure (bar)   Constr. rmsd
   -1.48251e+05   -4.57644e+03    1.39968e-06

           Step           Time
            185      185.00000

   Energies (kJ/mol)
           Bond            U-B    Proper Dih.  Improper Dih.      CMAP Dih.
    2.17639e+02    5.07399e+02    8.85230e+02    2.18175e+01   -2.84642e+02
          LJ-14     Coulomb-14        LJ (SR)   Coulomb (SR)   Coul. recip.
    4.77235e+02    8.39034e+03    1.82197e+04   -1.77766e+05    1.07231e+03
      Potential Pressure (bar)   Constr. rmsd
   -1.48259e+05   -4.50737e+03    1.47583e-06

           Step           Time
            186      186.00000

           Step           Time
            187      187.00000

   Energies (kJ/mol)
           Bond            U-B    Proper Dih.  Improper Dih.      CMAP Dih.
    1.29132e+02    4.96017e+02    8.84904e+02    2.18575e+01   -2.84636e+02
          LJ-14     Coulomb-14        LJ (SR)   Coulomb (SR)   Coul. recip.
    4.76710e+02    8.39740e+03    1.82208e+04   -1.77800e+05    1.07091e+03
      Potential Pressure (bar)   Constr. rmsd
   -1.48387e+05   -4.54869e+03    1.34187e-06


Steepest Descents converged to Fmax < 1000 in 188 steps
Potential Energy  = -1.4838722e+05
Maximum force     =  9.9084827e+02 on atom 197
Norm of force     =  5.2059012e+01

    D O M A I N   D E C O M P O S I T I O N   S T A T I S T I C S

 av. #atoms communicated per step for force:  2 x 0.0

Finished mdrun on rank 0 Wed Apr 30 13:33:42 2025

