                      :-) GROMACS - gmx mdrun, 2024.2 (-:

Copyright 1991-2024 The GROMACS Authors.
GROMACS is free software; you can redistribute it and/or modify it
under the terms of the GNU Lesser General Public License
as published by the Free Software Foundation; either version 2.1
of the License, or (at your option) any later version.

                         Current GROMACS contributors:
       Mark Abraham           Andrey Alekseenko           Vladimir Basov      
      Cathrine Bergh            Eliane Briand               Ania Brown        
      Mahesh Doijade            Giacomo Fiorin          Stefan Fleischmann    
      Sergey Gorelov         Gilles Gouaillardet            Alan Gray         
     M. Eric Irrgang         Farzaneh Jalalypour            Joe Jordan        
     Carsten Kutzner           Justin A. Lemkul          Magnus Lundborg      
       Pascal Merz              Vedran Miletic            Dmitry Morozov      
       Julien Nabet              Szilard Pall        Andrea Pasquadibisceglie 
    Michele Pellegrino          Hubert Santuz             Roland Schulz       
     Tatiana Shugaeva          Alexey Shvetsov            Philip Turner       
     Alessandra Villa      Sebastian Wingbermuehle  

                         Previous GROMACS contributors:
        Emile Apol             Rossen Apostolov           James Barnett       
        Paul Bauer          Herman J.C. Berendsen          Par Bjelkmar       
      Christian Blau          Viacheslav Bolnykh            Kevin Boyd        
    Aldert van Buuren          Carlo Camilloni           Rudi van Drunen      
      Anton Feenstra           Oliver Fleetwood            Vytas Gapsys       
       Gaurav Garg             Gerrit Groenhof            Bert de Groot       
      Anca Hamuraru           Vincent Hindriksen          Victor Holanda      
     Aleksei Iupinov          Christoph Junghans        Prashanth Kanduri     
   Dimitrios Karkoulis           Peter Kasson             Sebastian Kehl      
     Sebastian Keller             Jiri Kraus               Per Larsson        
      Viveca Lindahl            Erik Marklund           Pieter Meulenhoff     
      Teemu Murtola              Sander Pronk             Michael Shirts      
      Alfons Sijbers            Balint Soproni         David van der Spoel    
      Peter Tieleman            Carsten Uphoff             Jon Vincent        
     Teemu Virolainen         Christian Wennberg           Maarten Wolf       
      Artem Zhmurov       

                  Coordinated by the GROMACS project leaders:
                           Berk Hess and Erik Lindahl

GROMACS:      gmx mdrun, version 2024.2
Executable:   /usr/local/gromacs/bin/gmx
Data prefix:  /usr/local/gromacs
Working dir:  /home/marina/testtask_noss_1
Process ID:   29672
Command line:
  gmx mdrun -ntmpi 1 -v -deffnm npt

GROMACS version:     2024.2
Precision:           mixed
Memory model:        64 bit
MPI library:         thread_mpi
OpenMP support:      enabled (GMX_OPENMP_MAX_THREADS = 128)
GPU support:         disabled
SIMD instructions:   AVX2_256
CPU FFT library:     fftw-3.3.8-sse2-avx-avx2-avx2_128
GPU FFT library:     none
Multi-GPU FFT:       none
RDTSCP usage:        enabled
TNG support:         enabled
Hwloc support:       disabled
Tracing support:     disabled
C compiler:          /usr/bin/cc GNU 11.4.0
C compiler flags:    -fexcess-precision=fast -funroll-all-loops -mavx2 -mfma -Wno-missing-field-initializers -O3 -DNDEBUG
C++ compiler:        /usr/bin/c++ GNU 11.4.0
C++ compiler flags:  -fexcess-precision=fast -funroll-all-loops -mavx2 -mfma -Wno-missing-field-initializers -Wno-cast-function-type-strict -fopenmp -O3 -DNDEBUG
BLAS library:        External - detected on the system
LAPACK library:      External - detected on the system


Running on 1 node with total 8 cores, 16 processing units
Hardware detected on host marina-Nitro-AN515-57:
  CPU info:
    Vendor: Intel
    Brand:  11th Gen Intel(R) Core(TM) i7-11800H @ 2.30GHz
    Family: 6   Model: 141   Stepping: 1
    Features: aes apic avx avx2 avx512f avx512cd avx512bw avx512vl avx512secondFMA clfsh cmov cx8 cx16 f16c fma htt intel lahf mmx msr nonstop_tsc pcid pclmuldq pdcm pdpe1gb popcnt pse rdrnd rdtscp sha sse2 sse3 sse4.1 sse4.2 ssse3 tdt x2apic
    Number of AVX-512 FMA units: 1 (For Intel, AVX2 is faster w/o 2 AVX-512 FMA units)
  Hardware topology: Basic
    Packages, cores, and logical processors:
    [indices refer to OS logical processors]
      Package  0: [   0   8] [   1   9] [   2  10] [   3  11] [   4  12] [   5  13] [   6  14] [   7  15]
    CPU limit set by OS: -1   Recommended max number of threads: 16


++++ PLEASE READ AND CITE THE FOLLOWING REFERENCE ++++
M. J. Abraham, T. Murtola, R. Schulz, S. Páll, J. C. Smith, B. Hess, E.
Lindahl
GROMACS: High performance molecular simulations through multi-level
parallelism from laptops to supercomputers
SoftwareX 1 (2015) pp. 19-25
-------- -------- --- Thank You --- -------- --------


++++ PLEASE READ AND CITE THE FOLLOWING REFERENCE ++++
S. Páll, M. J. Abraham, C. Kutzner, B. Hess, E. Lindahl
Tackling Exascale Software Challenges in Molecular Dynamics Simulations with
GROMACS
In S. Markidis & E. Laure (Eds.), Solving Software Challenges for Exascale 8759 (2015) pp. 3-27
-------- -------- --- Thank You --- -------- --------


++++ PLEASE READ AND CITE THE FOLLOWING REFERENCE ++++
S. Pronk, S. Páll, R. Schulz, P. Larsson, P. Bjelkmar, R. Apostolov, M. R.
Shirts, J. C. Smith, P. M. Kasson, D. van der Spoel, B. Hess, and E. Lindahl
GROMACS 4.5: a high-throughput and highly parallel open source molecular
simulation toolkit
Bioinformatics 29 (2013) pp. 845-54
-------- -------- --- Thank You --- -------- --------


++++ PLEASE READ AND CITE THE FOLLOWING REFERENCE ++++
B. Hess and C. Kutzner and D. van der Spoel and E. Lindahl
GROMACS 4: Algorithms for highly efficient, load-balanced, and scalable
molecular simulation
J. Chem. Theory Comput. 4 (2008) pp. 435-447
-------- -------- --- Thank You --- -------- --------


++++ PLEASE READ AND CITE THE FOLLOWING REFERENCE ++++
D. van der Spoel, E. Lindahl, B. Hess, G. Groenhof, A. E. Mark and H. J. C.
Berendsen
GROMACS: Fast, Flexible and Free
J. Comp. Chem. 26 (2005) pp. 1701-1719
-------- -------- --- Thank You --- -------- --------


++++ PLEASE READ AND CITE THE FOLLOWING REFERENCE ++++
E. Lindahl and B. Hess and D. van der Spoel
GROMACS 3.0: A package for molecular simulation and trajectory analysis
J. Mol. Mod. 7 (2001) pp. 306-317
-------- -------- --- Thank You --- -------- --------


++++ PLEASE READ AND CITE THE FOLLOWING REFERENCE ++++
H. J. C. Berendsen, D. van der Spoel and R. van Drunen
GROMACS: A message-passing parallel molecular dynamics implementation
Comp. Phys. Comm. 91 (1995) pp. 43-56
-------- -------- --- Thank You --- -------- --------


++++ PLEASE CITE THE DOI FOR THIS VERSION OF GROMACS ++++
https://doi.org/10.5281/zenodo.11148655
-------- -------- --- Thank You --- -------- --------

Input Parameters:
   integrator                     = md
   tinit                          = 0
   dt                             = 0.002
   nsteps                         = 50000
   init-step                      = 0
   simulation-part                = 1
   mts                            = false
   mass-repartition-factor        = 1
   comm-mode                      = Linear
   nstcomm                        = 100
   bd-fric                        = 0
   ld-seed                        = 1873737982
   emtol                          = 10
   emstep                         = 0.01
   niter                          = 20
   fcstep                         = 0
   nstcgsteep                     = 1000
   nbfgscorr                      = 10
   rtpi                           = 0.05
   nstxout                        = 0
   nstvout                        = 0
   nstfout                        = 0
   nstlog                         = 1000
   nstcalcenergy                  = 100
   nstenergy                      = 500
   nstxout-compressed             = 0
   compressed-x-precision         = 1000
   cutoff-scheme                  = Verlet
   nstlist                        = 10
   pbc                            = xyz
   periodic-molecules             = false
   verlet-buffer-tolerance        = 0.005
   verlet-buffer-pressure-tolerance = 0.5
   rlist                          = 1.2
   coulombtype                    = PME
   coulomb-modifier               = Potential-shift
   rcoulomb-switch                = 0
   rcoulomb                       = 1.2
   epsilon-r                      = 1
   epsilon-rf                     = inf
   vdw-type                       = Cut-off
   vdw-modifier                   = Force-switch
   rvdw-switch                    = 1
   rvdw                           = 1.2
   DispCorr                       = No
   table-extension                = 1
   fourierspacing                 = 0.15
   fourier-nx                     = 36
   fourier-ny                     = 36
   fourier-nz                     = 36
   pme-order                      = 4
   ewald-rtol                     = 1e-05
   ewald-rtol-lj                  = 0.001
   lj-pme-comb-rule               = Geometric
   ewald-geometry                 = 3d
   epsilon-surface                = 0
   ensemble-temperature-setting   = constant
   ensemble-temperature           = 300
   tcoupl                         = V-rescale
   nsttcouple                     = 100
   nh-chain-length                = 0
   print-nose-hoover-chain-variables = false
   pcoupl                         = C-rescale
   pcoupltype                     = Isotropic
   nstpcouple                     = 100
   tau-p                          = 5
   compressibility (3x3):
      compressibility[    0]={ 4.50000e-05,  0.00000e+00,  0.00000e+00}
      compressibility[    1]={ 0.00000e+00,  4.50000e-05,  0.00000e+00}
      compressibility[    2]={ 0.00000e+00,  0.00000e+00,  4.50000e-05}
   ref-p (3x3):
      ref-p[    0]={ 1.00000e+00,  0.00000e+00,  0.00000e+00}
      ref-p[    1]={ 0.00000e+00,  1.00000e+00,  0.00000e+00}
      ref-p[    2]={ 0.00000e+00,  0.00000e+00,  1.00000e+00}
   refcoord-scaling               = COM
   posres-com (3):
      posres-com[0]= 4.99854e-01
      posres-com[1]= 5.00680e-01
      posres-com[2]= 5.01726e-01
   posres-comB (3):
      posres-comB[0]= 4.99854e-01
      posres-comB[1]= 5.00680e-01
      posres-comB[2]= 5.01726e-01
   QMMM                           = false
qm-opts:
   ngQM                           = 0
   constraint-algorithm           = Lincs
   continuation                   = true
   Shake-SOR                      = false
   shake-tol                      = 0.0001
   lincs-order                    = 4
   lincs-iter                     = 1
   lincs-warnangle                = 30
   nwall                          = 0
   wall-type                      = 9-3
   wall-r-linpot                  = -1
   wall-atomtype[0]               = -1
   wall-atomtype[1]               = -1
   wall-density[0]                = 0
   wall-density[1]                = 0
   wall-ewald-zfac                = 3
   pull                           = false
   awh                            = false
   rotation                       = false
   interactiveMD                  = false
   disre                          = No
   disre-weighting                = Conservative
   disre-mixed                    = false
   dr-fc                          = 1000
   dr-tau                         = 0
   nstdisreout                    = 100
   orire-fc                       = 0
   orire-tau                      = 0
   nstorireout                    = 100
   free-energy                    = no
   cos-acceleration               = 0
   deform (3x3):
      deform[    0]={ 0.00000e+00,  0.00000e+00,  0.00000e+00}
      deform[    1]={ 0.00000e+00,  0.00000e+00,  0.00000e+00}
      deform[    2]={ 0.00000e+00,  0.00000e+00,  0.00000e+00}
   simulated-tempering            = false
   swapcoords                     = no
   userint1                       = 0
   userint2                       = 0
   userint3                       = 0
   userint4                       = 0
   userreal1                      = 0
   userreal2                      = 0
   userreal3                      = 0
   userreal4                      = 0
   applied-forces:
     electric-field:
       x:
         E0                       = 0
         omega                    = 0
         t0                       = 0
         sigma                    = 0
       y:
         E0                       = 0
         omega                    = 0
         t0                       = 0
         sigma                    = 0
       z:
         E0                       = 0
         omega                    = 0
         t0                       = 0
         sigma                    = 0
     density-guided-simulation:
       active                     = false
       group                      = protein
       similarity-measure         = inner-product
       atom-spreading-weight      = unity
       force-constant             = 1e+09
       gaussian-transform-spreading-width = 0.2
       gaussian-transform-spreading-range-in-multiples-of-width = 4
       reference-density-filename = reference.mrc
       nst                        = 1
       normalize-densities        = true
       adaptive-force-scaling     = false
       adaptive-force-scaling-time-constant = 4
       shift-vector               = 
       transformation-matrix      = 
     qmmm-cp2k:
       active                     = false
       qmgroup                    = System
       qmmethod                   = PBE
       qmfilenames                = 
       qmcharge                   = 0
       qmmultiplicity             = 1
     colvars:
       active                     = false
       configfile                 = 
       seed                       = -1
grpopts:
   nrdf:       20687
   ref-t:         300
   tau-t:           1
annealing:          No
annealing-npoints:           0
   acc:	           0           0           0
   nfreeze:           N           N           N
   energygrp-flags[  0]: 0

Changing nstlist from 10 to 80, rlist from 1.2 to 1.32


Initializing Domain Decomposition on 1 ranks
Dynamic load balancing: auto
Using update groups, nr 3514, average size 2.9 atoms, max. radius 0.139 nm
Minimum cell size due to atom displacement: 0.537 nm
Initial maximum distances in bonded interactions:
    two-body bonded interactions: 0.425 nm, LJ-14, atoms 563 565
  multi-body bonded interactions: 0.489 nm, CMAP Dih., atoms 65 78
Minimum cell size due to bonded interactions: 0.537 nm
Using 0 separate PME ranks because: there are too few total ranks for efficient splitting
Optimizing the DD grid for 1 cells with a minimum initial size of 0.537 nm
The maximum allowed number of cells is: X 7 Y 7 Z 7
Domain decomposition grid 1 x 1 x 1, separate PME ranks 0
PME domain decomposition: 1 x 1 x 1

The initial number of communication pulses is:
The initial domain decomposition cell size is:

The maximum allowed distance for atom groups involved in interactions is:
                 non-bonded interactions           1.598 nm
(the following are initial values, they could change due to box deformation)
            two-body bonded interactions  (-rdd)   1.598 nm
          multi-body bonded interactions  (-rdd)   1.598 nm

When dynamic load balancing gets turned on, these settings will change to:
The maximum number of communication pulses is:
The minimum size for domain decomposition cells is 1.598 nm
The requested allowed shrink of DD cells (option -dds) is: 0.80
The allowed shrink of domain decomposition cells is:
The maximum allowed distance for atom groups involved in interactions is:
                 non-bonded interactions           1.598 nm
            two-body bonded interactions  (-rdd)   1.598 nm
          multi-body bonded interactions  (-rdd)   1.598 nm

Using 1 MPI thread
Using 16 OpenMP threads 

System total charge: 0.000
Will do PME sum in reciprocal space for electrostatic interactions.

++++ PLEASE READ AND CITE THE FOLLOWING REFERENCE ++++
U. Essmann, L. Perera, M. L. Berkowitz, T. Darden, H. Lee and L. G. Pedersen 
A smooth particle mesh Ewald method
J. Chem. Phys. 103 (1995) pp. 8577-8592
-------- -------- --- Thank You --- -------- --------

Using a Gaussian width (1/beta) of 0.384195 nm for Ewald
Potential shift: LJ r^-12: -2.648e-01 r^-6: -5.349e-01, Ewald -8.333e-06
Initialized non-bonded Coulomb Ewald tables, spacing: 1.02e-03 size: 1176

Generated table with 1160 data points for 1-4 COUL.
Tabscale = 500 points/nm
Generated table with 1160 data points for 1-4 LJ6.
Tabscale = 500 points/nm
Generated table with 1160 data points for 1-4 LJ12.
Tabscale = 500 points/nm


Using SIMD4xM 4x8 nonbonded short-range kernels

Using a dual 4x8 pair-list setup updated with dynamic pruning:
  outer list: updated every 80 steps, buffer 0.120 nm, rlist 1.320 nm
  inner list: updated every 12 steps, buffer 0.000 nm, rlist 1.200 nm
At tolerance 0.005 kJ/mol/ps per atom, equivalent classical 1x1 list would be:
  outer list: updated every 80 steps, buffer 0.264 nm, rlist 1.464 nm
  inner list: updated every 12 steps, buffer 0.045 nm, rlist 1.245 nm

The average pressure is off by at most 0.11 bar due to missing LJ interactions

Linking all bonded interactions to atoms


Pinning threads with an auto-selected logical cpu stride of 1

Initializing LINear Constraint Solver

++++ PLEASE READ AND CITE THE FOLLOWING REFERENCE ++++
B. Hess and H. Bekker and H. J. C. Berendsen and J. G. E. M. Fraaije
LINCS: A Linear Constraint Solver for molecular simulations
J. Comp. Chem. 18 (1997) pp. 1463-1472
-------- -------- --- Thank You --- -------- --------

The number of constraints is 319

++++ PLEASE READ AND CITE THE FOLLOWING REFERENCE ++++
S. Miyamoto and P. A. Kollman
SETTLE: An Analytical Version of the SHAKE and RATTLE Algorithms for Rigid
Water Models
J. Comp. Chem. 13 (1992) pp. 952-962
-------- -------- --- Thank You --- -------- --------


++++ PLEASE READ AND CITE THE FOLLOWING REFERENCE ++++
G. Bussi, D. Donadio and M. Parrinello
Canonical sampling through velocity rescaling
J. Chem. Phys. 126 (2007) pp. 014101
-------- -------- --- Thank You --- -------- --------


++++ PLEASE READ AND CITE THE FOLLOWING REFERENCE ++++
M. Bernetti, G. Bussi
Pressure control using stochastic cell rescaling
J. Chem. Phys. 153 (2020) pp. 114107
-------- -------- --- Thank You --- -------- --------

There are: 10173 Atoms
Atom distribution over 1 domains: av 10173 stddev 0 min 10173 max 10173
Center of mass motion removal mode is Linear
We have the following groups for center of mass motion removal:
  0:  rest

Started mdrun on rank 0 Fri May  2 19:13:22 2025

           Step           Time
              0        0.00000

   Energies (kJ/mol)
           Bond            U-B    Proper Dih.  Improper Dih.      CMAP Dih.
    5.70562e+02    1.61972e+03    9.68295e+02    8.79436e+01   -2.59533e+02
          LJ-14     Coulomb-14        LJ (SR)   Coulomb (SR)   Coul. recip.
    4.58568e+02    8.38430e+03    1.88972e+04   -1.66429e+05    4.97587e+02
 Position Rest.      Potential    Kinetic En.   Total Energy  Conserved En.
    4.01703e-02   -1.35205e+05    2.52470e+04   -1.09958e+05   -1.09925e+05
    Temperature Pressure (bar)   Constr. rmsd
    2.93568e+02    4.94620e+01    2.20031e-06

           Step           Time
           1000        2.00000

   Energies (kJ/mol)
           Bond            U-B    Proper Dih.  Improper Dih.      CMAP Dih.
    5.63778e+02    1.48202e+03    9.59019e+02    8.85728e+01   -2.54537e+02
          LJ-14     Coulomb-14        LJ (SR)   Coulomb (SR)   Coul. recip.
    4.93830e+02    8.42682e+03    1.86735e+04   -1.66158e+05    5.09661e+02
 Position Rest.      Potential    Kinetic En.   Total Energy  Conserved En.
    1.35843e+02   -1.35079e+05    2.56977e+04   -1.09381e+05   -1.09916e+05
    Temperature Pressure (bar)   Constr. rmsd
    2.98809e+02   -4.44801e+01    2.51918e-06

           Step           Time
           2000        4.00000

   Energies (kJ/mol)
           Bond            U-B    Proper Dih.  Improper Dih.      CMAP Dih.
    6.15171e+02    1.42352e+03    9.24031e+02    7.56807e+01   -2.95828e+02
          LJ-14     Coulomb-14        LJ (SR)   Coulomb (SR)   Coul. recip.
    4.83377e+02    8.47417e+03    1.87425e+04   -1.66806e+05    4.91763e+02
 Position Rest.      Potential    Kinetic En.   Total Energy  Conserved En.
    1.63828e+02   -1.35708e+05    2.61472e+04   -1.09560e+05   -1.09831e+05
    Temperature Pressure (bar)   Constr. rmsd
    3.04035e+02    5.61044e+01    3.09546e-06

           Step           Time
           3000        6.00000

   Energies (kJ/mol)
           Bond            U-B    Proper Dih.  Improper Dih.      CMAP Dih.
    6.37576e+02    1.44670e+03    9.65738e+02    8.21644e+01   -2.53262e+02
          LJ-14     Coulomb-14        LJ (SR)   Coulomb (SR)   Coul. recip.
    4.62064e+02    8.37545e+03    1.87463e+04   -1.66714e+05    4.81202e+02
 Position Rest.      Potential    Kinetic En.   Total Energy  Conserved En.
    1.59753e+02   -1.35610e+05    2.54771e+04   -1.10133e+05   -1.09822e+05
    Temperature Pressure (bar)   Constr. rmsd
    2.96243e+02   -2.03776e+02    2.49531e-06

           Step           Time
           4000        8.00000

   Energies (kJ/mol)
           Bond            U-B    Proper Dih.  Improper Dih.      CMAP Dih.
    4.98508e+02    1.53861e+03    1.02963e+03    8.38598e+01   -2.56154e+02
          LJ-14     Coulomb-14        LJ (SR)   Coulomb (SR)   Coul. recip.
    4.76608e+02    8.49193e+03    1.88275e+04   -1.67104e+05    5.19969e+02
 Position Rest.      Potential    Kinetic En.   Total Energy  Conserved En.
    1.52389e+02   -1.35741e+05    2.53023e+04   -1.10438e+05   -1.09747e+05
    Temperature Pressure (bar)   Constr. rmsd
    2.94210e+02   -1.57665e+01    2.26320e-06

           Step           Time
           5000       10.00000

   Energies (kJ/mol)
           Bond            U-B    Proper Dih.  Improper Dih.      CMAP Dih.
    5.37630e+02    1.46683e+03    9.91828e+02    9.98134e+01   -2.81915e+02
          LJ-14     Coulomb-14        LJ (SR)   Coulomb (SR)   Coul. recip.
    4.93442e+02    8.53222e+03    1.93917e+04   -1.67868e+05    4.86549e+02
 Position Rest.      Potential    Kinetic En.   Total Energy  Conserved En.
    1.44488e+02   -1.36005e+05    2.59029e+04   -1.10102e+05   -1.09809e+05
    Temperature Pressure (bar)   Constr. rmsd
    3.01194e+02    4.71584e+02    2.41361e-06

           Step           Time
           6000       12.00000

   Energies (kJ/mol)
           Bond            U-B    Proper Dih.  Improper Dih.      CMAP Dih.
    5.46572e+02    1.42233e+03    9.70459e+02    6.57958e+01   -2.83755e+02
          LJ-14     Coulomb-14        LJ (SR)   Coulomb (SR)   Coul. recip.
    4.54518e+02    8.57787e+03    1.78274e+04   -1.65612e+05    4.56035e+02
 Position Rest.      Potential    Kinetic En.   Total Energy  Conserved En.
    1.41706e+02   -1.35433e+05    2.60209e+04   -1.09412e+05   -1.09766e+05
    Temperature Pressure (bar)   Constr. rmsd
    3.02566e+02   -3.65858e+02    2.47361e-06

           Step           Time
           7000       14.00000

   Energies (kJ/mol)
           Bond            U-B    Proper Dih.  Improper Dih.      CMAP Dih.
    5.27633e+02    1.55279e+03    1.04182e+03    9.29965e+01   -2.75012e+02
          LJ-14     Coulomb-14        LJ (SR)   Coulomb (SR)   Coul. recip.
    5.00023e+02    8.37467e+03    1.83658e+04   -1.66184e+05    5.08550e+02
 Position Rest.      Potential    Kinetic En.   Total Energy  Conserved En.
    1.37834e+02   -1.35357e+05    2.56077e+04   -1.09749e+05   -1.09884e+05
    Temperature Pressure (bar)   Constr. rmsd
    2.97761e+02   -2.38773e+02    2.51198e-06

           Step           Time
           8000       16.00000

   Energies (kJ/mol)
           Bond            U-B    Proper Dih.  Improper Dih.      CMAP Dih.
    5.87645e+02    1.40819e+03    9.52653e+02    8.73898e+01   -2.62514e+02
          LJ-14     Coulomb-14        LJ (SR)   Coulomb (SR)   Coul. recip.
    4.97752e+02    8.54904e+03    1.91015e+04   -1.67238e+05    4.79299e+02
 Position Rest.      Potential    Kinetic En.   Total Energy  Conserved En.
    1.69766e+02   -1.35667e+05    2.58055e+04   -1.09861e+05   -1.09834e+05
    Temperature Pressure (bar)   Constr. rmsd
    3.00062e+02   -5.32573e+01    2.85999e-06

           Step           Time
           9000       18.00000

   Energies (kJ/mol)
           Bond            U-B    Proper Dih.  Improper Dih.      CMAP Dih.
    5.86509e+02    1.43597e+03    9.86304e+02    9.22466e+01   -2.61791e+02
          LJ-14     Coulomb-14        LJ (SR)   Coulomb (SR)   Coul. recip.
    4.73331e+02    8.55907e+03    1.89213e+04   -1.66995e+05    4.65563e+02
 Position Rest.      Potential    Kinetic En.   Total Energy  Conserved En.
    1.86242e+02   -1.35550e+05    2.55736e+04   -1.09977e+05   -1.09724e+05
    Temperature Pressure (bar)   Constr. rmsd
    2.97365e+02   -1.35597e+02    2.30561e-06

           Step           Time
          10000       20.00000

   Energies (kJ/mol)
           Bond            U-B    Proper Dih.  Improper Dih.      CMAP Dih.
    4.60485e+02    1.45028e+03    9.92199e+02    8.67176e+01   -2.59928e+02
          LJ-14     Coulomb-14        LJ (SR)   Coulomb (SR)   Coul. recip.
    4.86667e+02    8.54300e+03    1.82483e+04   -1.66713e+05    5.33748e+02
 Position Rest.      Potential    Kinetic En.   Total Energy  Conserved En.
    1.66825e+02   -1.36005e+05    2.58135e+04   -1.10191e+05   -1.09688e+05
    Temperature Pressure (bar)   Constr. rmsd
    3.00155e+02   -2.41608e+02    2.43063e-06

           Step           Time
          11000       22.00000

   Energies (kJ/mol)
           Bond            U-B    Proper Dih.  Improper Dih.      CMAP Dih.
    4.59016e+02    1.46116e+03    9.96676e+02    1.00813e+02   -2.74928e+02
          LJ-14     Coulomb-14        LJ (SR)   Coulomb (SR)   Coul. recip.
    4.67853e+02    8.55245e+03    1.88830e+04   -1.66872e+05    4.57873e+02
 Position Rest.      Potential    Kinetic En.   Total Energy  Conserved En.
    1.63925e+02   -1.35604e+05    2.58253e+04   -1.09778e+05   -1.09621e+05
    Temperature Pressure (bar)   Constr. rmsd
    3.00292e+02    3.26405e+02    2.54599e-06

           Step           Time
          12000       24.00000

   Energies (kJ/mol)
           Bond            U-B    Proper Dih.  Improper Dih.      CMAP Dih.
    5.15398e+02    1.48851e+03    9.77262e+02    8.10467e+01   -2.64378e+02
          LJ-14     Coulomb-14        LJ (SR)   Coulomb (SR)   Coul. recip.
    4.52213e+02    8.46492e+03    1.83987e+04   -1.66317e+05    4.78287e+02
 Position Rest.      Potential    Kinetic En.   Total Energy  Conserved En.
    1.50968e+02   -1.35574e+05    2.56702e+04   -1.09904e+05   -1.09615e+05
    Temperature Pressure (bar)   Constr. rmsd
    2.98489e+02    5.07955e+01    2.94502e-06

           Step           Time
          13000       26.00000

   Energies (kJ/mol)
           Bond            U-B    Proper Dih.  Improper Dih.      CMAP Dih.
    4.93648e+02    1.44783e+03    9.95411e+02    7.91874e+01   -2.87874e+02
          LJ-14     Coulomb-14        LJ (SR)   Coulomb (SR)   Coul. recip.
    4.58211e+02    8.44425e+03    1.88700e+04   -1.67375e+05    5.08638e+02
 Position Rest.      Potential    Kinetic En.   Total Energy  Conserved En.
    1.55616e+02   -1.36210e+05    2.59260e+04   -1.10284e+05   -1.09613e+05
    Temperature Pressure (bar)   Constr. rmsd
    3.01463e+02   -1.62313e+01    2.63311e-06

           Step           Time
          14000       28.00000

   Energies (kJ/mol)
           Bond            U-B    Proper Dih.  Improper Dih.      CMAP Dih.
    5.53423e+02    1.53732e+03    1.02329e+03    8.46716e+01   -2.84423e+02
          LJ-14     Coulomb-14        LJ (SR)   Coulomb (SR)   Coul. recip.
    4.60212e+02    8.42160e+03    1.85754e+04   -1.66578e+05    4.65125e+02
 Position Rest.      Potential    Kinetic En.   Total Energy  Conserved En.
    1.59360e+02   -1.35582e+05    2.61447e+04   -1.09437e+05   -1.09563e+05
    Temperature Pressure (bar)   Constr. rmsd
    3.04006e+02   -8.63602e+01    2.49007e-06

           Step           Time
          15000       30.00000

   Energies (kJ/mol)
           Bond            U-B    Proper Dih.  Improper Dih.      CMAP Dih.
    5.08657e+02    1.51153e+03    1.00276e+03    7.95392e+01   -2.52995e+02
          LJ-14     Coulomb-14        LJ (SR)   Coulomb (SR)   Coul. recip.
    4.84391e+02    8.37718e+03    1.82652e+04   -1.66120e+05    4.80557e+02
 Position Rest.      Potential    Kinetic En.   Total Energy  Conserved En.
    1.64059e+02   -1.35499e+05    2.57046e+04   -1.09795e+05   -1.09619e+05
    Temperature Pressure (bar)   Constr. rmsd
    2.98889e+02   -2.95955e+02    2.79628e-06

           Step           Time
          16000       32.00000

   Energies (kJ/mol)
           Bond            U-B    Proper Dih.  Improper Dih.      CMAP Dih.
    5.46911e+02    1.56073e+03    1.00222e+03    8.00266e+01   -2.69173e+02
          LJ-14     Coulomb-14        LJ (SR)   Coulomb (SR)   Coul. recip.
    4.60396e+02    8.51470e+03    1.90901e+04   -1.66892e+05    4.84536e+02
 Position Rest.      Potential    Kinetic En.   Total Energy  Conserved En.
    1.54719e+02   -1.35267e+05    2.60087e+04   -1.09258e+05   -1.09626e+05
    Temperature Pressure (bar)   Constr. rmsd
    3.02424e+02    9.79251e+01    1.96808e-06

           Step           Time
          17000       34.00000

   Energies (kJ/mol)
           Bond            U-B    Proper Dih.  Improper Dih.      CMAP Dih.
    6.08876e+02    1.49349e+03    1.04022e+03    9.65070e+01   -2.67218e+02
          LJ-14     Coulomb-14        LJ (SR)   Coulomb (SR)   Coul. recip.
    4.82861e+02    8.40927e+03    1.87162e+04   -1.66688e+05    5.14952e+02
 Position Rest.      Potential    Kinetic En.   Total Energy  Conserved En.
    1.55513e+02   -1.35437e+05    2.56803e+04   -1.09757e+05   -1.09597e+05
    Temperature Pressure (bar)   Constr. rmsd
    2.98606e+02   -1.73521e+02    2.98706e-06

           Step           Time
          18000       36.00000

   Energies (kJ/mol)
           Bond            U-B    Proper Dih.  Improper Dih.      CMAP Dih.
    5.45269e+02    1.58288e+03    1.01893e+03    8.20550e+01   -2.64825e+02
          LJ-14     Coulomb-14        LJ (SR)   Coulomb (SR)   Coul. recip.
    4.71469e+02    8.38622e+03    1.90046e+04   -1.67321e+05    4.80482e+02
 Position Rest.      Potential    Kinetic En.   Total Energy  Conserved En.
    1.63985e+02   -1.35850e+05    2.58931e+04   -1.09957e+05   -1.09632e+05
    Temperature Pressure (bar)   Constr. rmsd
    3.01080e+02    2.05438e+02    2.54246e-06

           Step           Time
          19000       38.00000

   Energies (kJ/mol)
           Bond            U-B    Proper Dih.  Improper Dih.      CMAP Dih.
    5.29140e+02    1.48944e+03    1.01974e+03    6.54892e+01   -2.90340e+02
          LJ-14     Coulomb-14        LJ (SR)   Coulomb (SR)   Coul. recip.
    4.73284e+02    8.46812e+03    1.90452e+04   -1.67234e+05    4.82535e+02
 Position Rest.      Potential    Kinetic En.   Total Energy  Conserved En.
    1.59836e+02   -1.35791e+05    2.58152e+04   -1.09976e+05   -1.09600e+05
    Temperature Pressure (bar)   Constr. rmsd
    3.00175e+02    1.88327e+02    2.41372e-06

           Step           Time
          20000       40.00000

   Energies (kJ/mol)
           Bond            U-B    Proper Dih.  Improper Dih.      CMAP Dih.
    5.27416e+02    1.48251e+03    9.93473e+02    9.33633e+01   -2.88135e+02
          LJ-14     Coulomb-14        LJ (SR)   Coulomb (SR)   Coul. recip.
    4.77201e+02    8.47826e+03    1.86992e+04   -1.66372e+05    5.44783e+02
 Position Rest.      Potential    Kinetic En.   Total Energy  Conserved En.
    1.73654e+02   -1.35190e+05    2.55514e+04   -1.09639e+05   -1.09669e+05
    Temperature Pressure (bar)   Constr. rmsd
    2.97107e+02   -1.47923e+02    2.43236e-06

           Step           Time
          21000       42.00000

   Energies (kJ/mol)
           Bond            U-B    Proper Dih.  Improper Dih.      CMAP Dih.
    5.71391e+02    1.51553e+03    9.53169e+02    1.03831e+02   -2.56004e+02
          LJ-14     Coulomb-14        LJ (SR)   Coulomb (SR)   Coul. recip.
    4.61701e+02    8.38025e+03    1.87969e+04   -1.66701e+05    4.92191e+02
 Position Rest.      Potential    Kinetic En.   Total Energy  Conserved En.
    1.47697e+02   -1.35534e+05    2.58784e+04   -1.09656e+05   -1.09623e+05
    Temperature Pressure (bar)   Constr. rmsd
    3.00909e+02   -9.54700e+01    2.51276e-06

           Step           Time
          22000       44.00000

   Energies (kJ/mol)
           Bond            U-B    Proper Dih.  Improper Dih.      CMAP Dih.
    5.04111e+02    1.42392e+03    1.04517e+03    1.06724e+02   -2.64638e+02
          LJ-14     Coulomb-14        LJ (SR)   Coulomb (SR)   Coul. recip.
    4.92628e+02    8.48750e+03    1.81889e+04   -1.66633e+05    4.94133e+02
 Position Rest.      Potential    Kinetic En.   Total Energy  Conserved En.
    1.45068e+02   -1.36010e+05    2.63860e+04   -1.09624e+05   -1.09509e+05
    Temperature Pressure (bar)   Constr. rmsd
    3.06812e+02   -5.50606e+01    3.38651e-06

           Step           Time
          23000       46.00000

   Energies (kJ/mol)
           Bond            U-B    Proper Dih.  Improper Dih.      CMAP Dih.
    5.48953e+02    1.51701e+03    1.00025e+03    1.03219e+02   -2.72596e+02
          LJ-14     Coulomb-14        LJ (SR)   Coulomb (SR)   Coul. recip.
    4.64133e+02    8.32585e+03    1.86754e+04   -1.66531e+05    5.06990e+02
 Position Rest.      Potential    Kinetic En.   Total Energy  Conserved En.
    1.53660e+02   -1.35508e+05    2.59387e+04   -1.09569e+05   -1.09602e+05
    Temperature Pressure (bar)   Constr. rmsd
    3.01610e+02   -1.91262e+01    2.50366e-06

           Step           Time
          24000       48.00000

   Energies (kJ/mol)
           Bond            U-B    Proper Dih.  Improper Dih.      CMAP Dih.
    5.22476e+02    1.57041e+03    1.04996e+03    7.03752e+01   -2.84515e+02
          LJ-14     Coulomb-14        LJ (SR)   Coulomb (SR)   Coul. recip.
    5.01774e+02    8.68685e+03    1.89436e+04   -1.67431e+05    4.80207e+02
 Position Rest.      Potential    Kinetic En.   Total Energy  Conserved En.
    1.60289e+02   -1.35730e+05    2.60343e+04   -1.09695e+05   -1.09582e+05
    Temperature Pressure (bar)   Constr. rmsd
    3.02722e+02    2.91009e+02    2.65486e-06

           Step           Time
          25000       50.00000

   Energies (kJ/mol)
           Bond            U-B    Proper Dih.  Improper Dih.      CMAP Dih.
    5.63346e+02    1.54331e+03    1.01629e+03    7.31769e+01   -2.90553e+02
          LJ-14     Coulomb-14        LJ (SR)   Coulomb (SR)   Coul. recip.
    5.05507e+02    8.53093e+03    1.90400e+04   -1.67559e+05    5.18377e+02
 Position Rest.      Potential    Kinetic En.   Total Energy  Conserved En.
    1.69966e+02   -1.35888e+05    2.57570e+04   -1.10131e+05   -1.09558e+05
    Temperature Pressure (bar)   Constr. rmsd
    2.99498e+02   -1.00687e+02    3.13258e-06

           Step           Time
          26000       52.00000

   Energies (kJ/mol)
           Bond            U-B    Proper Dih.  Improper Dih.      CMAP Dih.
    5.59791e+02    1.53498e+03    1.02510e+03    7.74118e+01   -2.91195e+02
          LJ-14     Coulomb-14        LJ (SR)   Coulomb (SR)   Coul. recip.
    4.80146e+02    8.48785e+03    1.87909e+04   -1.66574e+05    4.57749e+02
 Position Rest.      Potential    Kinetic En.   Total Energy  Conserved En.
    1.70139e+02   -1.35281e+05    2.55771e+04   -1.09704e+05   -1.09616e+05
    Temperature Pressure (bar)   Constr. rmsd
    2.97405e+02    3.26173e+01    2.21092e-06

           Step           Time
          27000       54.00000

   Energies (kJ/mol)
           Bond            U-B    Proper Dih.  Improper Dih.      CMAP Dih.
    5.28304e+02    1.56947e+03    9.90841e+02    1.19270e+02   -2.75120e+02
          LJ-14     Coulomb-14        LJ (SR)   Coulomb (SR)   Coul. recip.
    4.83069e+02    8.42188e+03    1.91236e+04   -1.67520e+05    4.79702e+02
 Position Rest.      Potential    Kinetic En.   Total Energy  Conserved En.
    1.52259e+02   -1.35927e+05    2.60949e+04   -1.09832e+05   -1.09545e+05
    Temperature Pressure (bar)   Constr. rmsd
    3.03427e+02    5.41230e+02    2.31446e-06

           Step           Time
          28000       56.00000

   Energies (kJ/mol)
           Bond            U-B    Proper Dih.  Improper Dih.      CMAP Dih.
    5.43574e+02    1.45628e+03    9.63965e+02    8.51334e+01   -2.92038e+02
          LJ-14     Coulomb-14        LJ (SR)   Coulomb (SR)   Coul. recip.
    4.62230e+02    8.41523e+03    1.90532e+04   -1.67422e+05    4.90465e+02
 Position Rest.      Potential    Kinetic En.   Total Energy  Conserved En.
    1.73863e+02   -1.36070e+05    2.57528e+04   -1.10317e+05   -1.09538e+05
    Temperature Pressure (bar)   Constr. rmsd
    2.99449e+02    1.73584e+02    2.41817e-06

           Step           Time
          29000       58.00000

   Energies (kJ/mol)
           Bond            U-B    Proper Dih.  Improper Dih.      CMAP Dih.
    5.43180e+02    1.40181e+03    1.01113e+03    1.00755e+02   -2.74595e+02
          LJ-14     Coulomb-14        LJ (SR)   Coulomb (SR)   Coul. recip.
    4.49967e+02    8.47319e+03    1.84287e+04   -1.66624e+05    5.07844e+02
 Position Rest.      Potential    Kinetic En.   Total Energy  Conserved En.
    1.46004e+02   -1.35836e+05    2.56003e+04   -1.10236e+05   -1.09493e+05
    Temperature Pressure (bar)   Constr. rmsd
    2.97676e+02   -1.45210e+02    2.95640e-06

           Step           Time
          30000       60.00000

   Energies (kJ/mol)
           Bond            U-B    Proper Dih.  Improper Dih.      CMAP Dih.
    5.64463e+02    1.50082e+03    1.03912e+03    8.03149e+01   -2.83109e+02
          LJ-14     Coulomb-14        LJ (SR)   Coulomb (SR)   Coul. recip.
    4.25753e+02    8.47693e+03    1.83864e+04   -1.67330e+05    4.62180e+02
 Position Rest.      Potential    Kinetic En.   Total Energy  Conserved En.
    1.71305e+02   -1.36506e+05    2.59953e+04   -1.10510e+05   -1.09456e+05
    Temperature Pressure (bar)   Constr. rmsd
    3.02269e+02   -2.87795e+02    2.52947e-06

           Step           Time
          31000       62.00000

   Energies (kJ/mol)
           Bond            U-B    Proper Dih.  Improper Dih.      CMAP Dih.
    4.94135e+02    1.49065e+03    9.86043e+02    1.10512e+02   -2.79378e+02
          LJ-14     Coulomb-14        LJ (SR)   Coulomb (SR)   Coul. recip.
    4.86433e+02    8.45567e+03    1.85792e+04   -1.66926e+05    4.79361e+02
 Position Rest.      Potential    Kinetic En.   Total Energy  Conserved En.
    1.65226e+02   -1.35959e+05    2.60662e+04   -1.09892e+05   -1.09458e+05
    Temperature Pressure (bar)   Constr. rmsd
    3.03094e+02    2.50884e+01    2.73738e-06

           Step           Time
          32000       64.00000

   Energies (kJ/mol)
           Bond            U-B    Proper Dih.  Improper Dih.      CMAP Dih.
    5.63181e+02    1.45344e+03    9.68106e+02    7.56940e+01   -2.97860e+02
          LJ-14     Coulomb-14        LJ (SR)   Coulomb (SR)   Coul. recip.
    4.87144e+02    8.46956e+03    1.90026e+04   -1.67101e+05    4.57240e+02
 Position Rest.      Potential    Kinetic En.   Total Energy  Conserved En.
    1.83635e+02   -1.35739e+05    2.63444e+04   -1.09394e+05   -1.09592e+05
    Temperature Pressure (bar)   Constr. rmsd
    3.06328e+02    3.18093e+02    2.30870e-06

           Step           Time
          33000       66.00000

   Energies (kJ/mol)
           Bond            U-B    Proper Dih.  Improper Dih.      CMAP Dih.
    5.32936e+02    1.50165e+03    9.43661e+02    9.43632e+01   -2.62962e+02
          LJ-14     Coulomb-14        LJ (SR)   Coulomb (SR)   Coul. recip.
    4.58193e+02    8.51465e+03    1.83692e+04   -1.65243e+05    5.08613e+02
 Position Rest.      Potential    Kinetic En.   Total Energy  Conserved En.
    1.61868e+02   -1.34420e+05    2.55515e+04   -1.08869e+05   -1.09598e+05
    Temperature Pressure (bar)   Constr. rmsd
    2.97109e+02    1.77406e+02    2.52074e-06

           Step           Time
          34000       68.00000

   Energies (kJ/mol)
           Bond            U-B    Proper Dih.  Improper Dih.      CMAP Dih.
    5.91361e+02    1.46657e+03    9.90629e+02    7.69626e+01   -2.71089e+02
          LJ-14     Coulomb-14        LJ (SR)   Coulomb (SR)   Coul. recip.
    4.44902e+02    8.45788e+03    1.87960e+04   -1.66879e+05    5.31821e+02
 Position Rest.      Potential    Kinetic En.   Total Energy  Conserved En.
    1.58256e+02   -1.35635e+05    2.59097e+04   -1.09726e+05   -1.09646e+05
    Temperature Pressure (bar)   Constr. rmsd
    3.01273e+02   -1.80428e+02    3.42179e-06

           Step           Time
          35000       70.00000

   Energies (kJ/mol)
           Bond            U-B    Proper Dih.  Improper Dih.      CMAP Dih.
    6.00030e+02    1.41975e+03    9.79142e+02    8.45644e+01   -2.69231e+02
          LJ-14     Coulomb-14        LJ (SR)   Coulomb (SR)   Coul. recip.
    4.84087e+02    8.43338e+03    1.80517e+04   -1.66617e+05    4.70611e+02
 Position Rest.      Potential    Kinetic En.   Total Energy  Conserved En.
    1.79988e+02   -1.36183e+05    2.58135e+04   -1.10370e+05   -1.09519e+05
    Temperature Pressure (bar)   Constr. rmsd
    3.00155e+02   -5.91037e+02    2.62382e-06

           Step           Time
          36000       72.00000

   Energies (kJ/mol)
           Bond            U-B    Proper Dih.  Improper Dih.      CMAP Dih.
    5.85353e+02    1.45767e+03    1.02082e+03    9.77673e+01   -2.72169e+02
          LJ-14     Coulomb-14        LJ (SR)   Coulomb (SR)   Coul. recip.
    4.61652e+02    8.50346e+03    1.85751e+04   -1.67292e+05    4.58596e+02
 Position Rest.      Potential    Kinetic En.   Total Energy  Conserved En.
    1.60574e+02   -1.36244e+05    2.57871e+04   -1.10456e+05   -1.09489e+05
    Temperature Pressure (bar)   Constr. rmsd
    2.99848e+02   -8.90452e+01    2.67035e-06

           Step           Time
          37000       74.00000

   Energies (kJ/mol)
           Bond            U-B    Proper Dih.  Improper Dih.      CMAP Dih.
    5.55155e+02    1.48323e+03    9.57593e+02    1.01831e+02   -2.68174e+02
          LJ-14     Coulomb-14        LJ (SR)   Coulomb (SR)   Coul. recip.
    4.78578e+02    8.40733e+03    1.88647e+04   -1.67484e+05    5.30006e+02
 Position Rest.      Potential    Kinetic En.   Total Energy  Conserved En.
    1.54883e+02   -1.36219e+05    2.56176e+04   -1.10602e+05   -1.09480e+05
    Temperature Pressure (bar)   Constr. rmsd
    2.97877e+02    1.27052e+02    2.48600e-06

           Step           Time
          38000       76.00000

   Energies (kJ/mol)
           Bond            U-B    Proper Dih.  Improper Dih.      CMAP Dih.
    5.57971e+02    1.54536e+03    9.74941e+02    7.85553e+01   -2.59325e+02
          LJ-14     Coulomb-14        LJ (SR)   Coulomb (SR)   Coul. recip.
    4.67396e+02    8.37487e+03    1.90552e+04   -1.67298e+05    5.02864e+02
 Position Rest.      Potential    Kinetic En.   Total Energy  Conserved En.
    1.50076e+02   -1.35850e+05    2.61169e+04   -1.09733e+05   -1.09478e+05
    Temperature Pressure (bar)   Constr. rmsd
    3.03682e+02    2.39509e+02    3.23140e-06

           Step           Time
          39000       78.00000

   Energies (kJ/mol)
           Bond            U-B    Proper Dih.  Improper Dih.      CMAP Dih.
    5.51628e+02    1.58655e+03    1.00161e+03    8.33784e+01   -2.66894e+02
          LJ-14     Coulomb-14        LJ (SR)   Coulomb (SR)   Coul. recip.
    5.09520e+02    8.39038e+03    1.83907e+04   -1.66468e+05    4.89525e+02
 Position Rest.      Potential    Kinetic En.   Total Energy  Conserved En.
    1.42994e+02   -1.35589e+05    2.57151e+04   -1.09874e+05   -1.09486e+05
    Temperature Pressure (bar)   Constr. rmsd
    2.99010e+02   -5.04995e+01    2.36482e-06

           Step           Time
          40000       80.00000

   Energies (kJ/mol)
           Bond            U-B    Proper Dih.  Improper Dih.      CMAP Dih.
    5.51191e+02    1.64841e+03    9.93198e+02    1.17841e+02   -2.73992e+02
          LJ-14     Coulomb-14        LJ (SR)   Coulomb (SR)   Coul. recip.
    4.49725e+02    8.36259e+03    1.88833e+04   -1.67090e+05    5.06932e+02
 Position Rest.      Potential    Kinetic En.   Total Energy  Conserved En.
    1.89150e+02   -1.35662e+05    2.56920e+04   -1.09970e+05   -1.09489e+05
    Temperature Pressure (bar)   Constr. rmsd
    2.98742e+02   -1.73187e+02    2.49168e-06

           Step           Time
          41000       82.00000

   Energies (kJ/mol)
           Bond            U-B    Proper Dih.  Improper Dih.      CMAP Dih.
    5.67765e+02    1.57755e+03    1.02136e+03    9.82863e+01   -2.82815e+02
          LJ-14     Coulomb-14        LJ (SR)   Coulomb (SR)   Coul. recip.
    4.89946e+02    8.44167e+03    1.92711e+04   -1.67574e+05    4.73528e+02
 Position Rest.      Potential    Kinetic En.   Total Energy  Conserved En.
    1.62439e+02   -1.35753e+05    2.57599e+04   -1.09993e+05   -1.09551e+05
    Temperature Pressure (bar)   Constr. rmsd
    2.99532e+02    4.42373e+02    2.51396e-06

           Step           Time
          42000       84.00000

   Energies (kJ/mol)
           Bond            U-B    Proper Dih.  Improper Dih.      CMAP Dih.
    6.25769e+02    1.51512e+03    1.03957e+03    9.45974e+01   -2.56426e+02
          LJ-14     Coulomb-14        LJ (SR)   Coulomb (SR)   Coul. recip.
    4.70739e+02    8.42466e+03    1.87065e+04   -1.66447e+05    5.18793e+02
 Position Rest.      Potential    Kinetic En.   Total Energy  Conserved En.
    1.75366e+02   -1.35132e+05    2.56437e+04   -1.09489e+05   -1.09630e+05
    Temperature Pressure (bar)   Constr. rmsd
    2.98181e+02    4.09135e+01    2.40835e-06

           Step           Time
          43000       86.00000

   Energies (kJ/mol)
           Bond            U-B    Proper Dih.  Improper Dih.      CMAP Dih.
    5.35894e+02    1.61689e+03    1.04364e+03    7.27092e+01   -2.88703e+02
          LJ-14     Coulomb-14        LJ (SR)   Coulomb (SR)   Coul. recip.
    4.77275e+02    8.42541e+03    1.92334e+04   -1.67268e+05    5.04681e+02
 Position Rest.      Potential    Kinetic En.   Total Energy  Conserved En.
    1.69852e+02   -1.35477e+05    2.60207e+04   -1.09456e+05   -1.09660e+05
    Temperature Pressure (bar)   Constr. rmsd
    3.02564e+02    5.64049e+01    2.48407e-06

           Step           Time
          44000       88.00000

   Energies (kJ/mol)
           Bond            U-B    Proper Dih.  Improper Dih.      CMAP Dih.
    5.68947e+02    1.60706e+03    1.01938e+03    9.17261e+01   -2.92992e+02
          LJ-14     Coulomb-14        LJ (SR)   Coulomb (SR)   Coul. recip.
    4.44647e+02    8.42925e+03    1.90083e+04   -1.66262e+05    4.56891e+02
 Position Rest.      Potential    Kinetic En.   Total Energy  Conserved En.
    2.07964e+02   -1.34720e+05    2.57005e+04   -1.09020e+05   -1.09487e+05
    Temperature Pressure (bar)   Constr. rmsd
    2.98841e+02    1.97623e+02    3.33260e-06

           Step           Time
          45000       90.00000

   Energies (kJ/mol)
           Bond            U-B    Proper Dih.  Improper Dih.      CMAP Dih.
    5.92263e+02    1.50037e+03    1.04131e+03    7.33220e+01   -2.86734e+02
          LJ-14     Coulomb-14        LJ (SR)   Coulomb (SR)   Coul. recip.
    4.65995e+02    8.46741e+03    1.88012e+04   -1.66881e+05    4.74799e+02
 Position Rest.      Potential    Kinetic En.   Total Energy  Conserved En.
    1.75221e+02   -1.35575e+05    2.58178e+04   -1.09758e+05   -1.09445e+05
    Temperature Pressure (bar)   Constr. rmsd
    3.00204e+02   -3.00340e+02    2.48849e-06

           Step           Time
          46000       92.00000

   Energies (kJ/mol)
           Bond            U-B    Proper Dih.  Improper Dih.      CMAP Dih.
    5.47217e+02    1.40749e+03    9.68839e+02    8.86920e+01   -2.59807e+02
          LJ-14     Coulomb-14        LJ (SR)   Coulomb (SR)   Coul. recip.
    4.89345e+02    8.51812e+03    1.86082e+04   -1.66801e+05    4.93842e+02
 Position Rest.      Potential    Kinetic En.   Total Energy  Conserved En.
    1.60007e+02   -1.35779e+05    2.58217e+04   -1.09957e+05   -1.09531e+05
    Temperature Pressure (bar)   Constr. rmsd
    3.00250e+02   -2.03595e+02    3.12014e-06

           Step           Time
          47000       94.00000

   Energies (kJ/mol)
           Bond            U-B    Proper Dih.  Improper Dih.      CMAP Dih.
    5.97669e+02    1.46722e+03    9.94815e+02    9.18390e+01   -2.90609e+02
          LJ-14     Coulomb-14        LJ (SR)   Coulomb (SR)   Coul. recip.
    4.72354e+02    8.41330e+03    1.92207e+04   -1.67494e+05    5.46485e+02
 Position Rest.      Potential    Kinetic En.   Total Energy  Conserved En.
    1.60268e+02   -1.35820e+05    2.61905e+04   -1.09629e+05   -1.09533e+05
    Temperature Pressure (bar)   Constr. rmsd
    3.04539e+02    2.60387e+01    3.21794e-06

           Step           Time
          48000       96.00000

   Energies (kJ/mol)
           Bond            U-B    Proper Dih.  Improper Dih.      CMAP Dih.
    5.91667e+02    1.51303e+03    1.01859e+03    7.64357e+01   -2.71286e+02
          LJ-14     Coulomb-14        LJ (SR)   Coulomb (SR)   Coul. recip.
    4.68247e+02    8.55573e+03    1.84099e+04   -1.66572e+05    4.98593e+02
 Position Rest.      Potential    Kinetic En.   Total Energy  Conserved En.
    1.80049e+02   -1.35531e+05    2.56796e+04   -1.09851e+05   -1.09399e+05
    Temperature Pressure (bar)   Constr. rmsd
    2.98598e+02   -2.50023e+01    2.23943e-06

           Step           Time
          49000       98.00000

   Energies (kJ/mol)
           Bond            U-B    Proper Dih.  Improper Dih.      CMAP Dih.
    5.22295e+02    1.47727e+03    1.03833e+03    8.04245e+01   -2.94032e+02
          LJ-14     Coulomb-14        LJ (SR)   Coulomb (SR)   Coul. recip.
    4.91630e+02    8.48754e+03    1.89286e+04   -1.67272e+05    4.76378e+02
 Position Rest.      Potential    Kinetic En.   Total Energy  Conserved En.
    1.38202e+02   -1.35925e+05    2.57960e+04   -1.10129e+05   -1.09396e+05
    Temperature Pressure (bar)   Constr. rmsd
    2.99952e+02    2.57104e+02    2.85697e-06

           Step           Time
          50000      100.00000

Writing checkpoint, step 50000 at Fri May  2 19:16:20 2025


   Energies (kJ/mol)
           Bond            U-B    Proper Dih.  Improper Dih.      CMAP Dih.
    5.21775e+02    1.51210e+03    1.01926e+03    7.40253e+01   -2.62797e+02
          LJ-14     Coulomb-14        LJ (SR)   Coulomb (SR)   Coul. recip.
    4.59717e+02    8.46563e+03    1.85593e+04   -1.66968e+05    5.26416e+02
 Position Rest.      Potential    Kinetic En.   Total Energy  Conserved En.
    1.58267e+02   -1.35934e+05    2.56966e+04   -1.10238e+05   -1.09374e+05
    Temperature Pressure (bar)   Constr. rmsd
    2.98796e+02   -2.56700e+02    3.57797e-06


Energy conservation over simulation part #1 of length 100 ps, time 0 to 100 ps
  Conserved energy drift: 5.42e-04 kJ/mol/ps per atom


	<======  ###############  ==>
	<====  A V E R A G E S  ====>
	<==  ###############  ======>

	Statistics over 50001 steps using 501 frames

   Energies (kJ/mol)
           Bond            U-B    Proper Dih.  Improper Dih.      CMAP Dih.
    5.41674e+02    1.51147e+03    1.00091e+03    8.70123e+01   -2.74652e+02
          LJ-14     Coulomb-14        LJ (SR)   Coulomb (SR)   Coul. recip.
    4.72830e+02    8.46155e+03    1.87384e+04   -1.66813e+05    5.01198e+02
 Position Rest.      Potential    Kinetic En.   Total Energy  Conserved En.
    1.58974e+02   -1.35614e+05    2.58250e+04   -1.09789e+05   -1.09603e+05
    Temperature Pressure (bar)   Constr. rmsd
    3.00289e+02   -4.43617e+00    0.00000e+00

          Box-X          Box-Y          Box-Z
    5.11594e+00    4.82336e+00    4.17715e+00

   Total Virial (kJ/mol)
    8.55455e+03    4.24120e+01   -9.11075e+01
    4.24238e+01    8.64457e+03   -9.49056e+01
   -9.10832e+01   -9.48840e+01    8.67045e+03

   Pressure (bar)
    1.83567e+01   -1.41133e+01    2.91118e+01
   -1.41171e+01   -1.10676e+01    3.29193e+01
    2.91039e+01    3.29123e+01   -2.05976e+01


	M E G A - F L O P S   A C C O U N T I N G

 NB=Group-cutoff nonbonded kernels    NxN=N-by-N cluster Verlet kernels
 RF=Reaction-Field  VdW=Van der Waals  QSTab=quadratic-spline table
 W3=SPC/TIP3p  W4=TIP4p (single or pairs)
 V&F=Potential and force  V=Potential only  F=Force only

 Computing:                               M-Number         M-Flops  % Flops
-----------------------------------------------------------------------------
 Pair Search distance check            3109.653878       27986.885     0.1
 NxN Ewald Elec. + LJ [F]            273620.267120    21342380.835    56.8
 NxN Ewald Elec. + LJ [V&F]            2769.160192      357221.665     1.0
 NxN Ewald Elec. [F]                 238660.865456    14558312.793    38.8
 NxN Ewald Elec. [V&F]                 2415.399808      202893.584     0.5
 1,4 nonbonded interactions              84.701694        7623.152     0.0
 Calc Weights                          1525.980519       54935.299     0.1
 Spread Q Bspline                     32554.251072       65108.502     0.2
 Gather F Bspline                     32554.251072      195325.506     0.5
 3D-FFT                               72363.847248      578910.778     1.5
 Solve PME                             1231.224624       78798.376     0.2
 Reset In Box                             6.358125          19.074     0.0
 CG-CoM                                   6.368298          19.105     0.0
 Bonds                                   16.600332         979.420     0.0
 Propers                                 72.901458       16694.434     0.0
 Impropers                                5.150103        1071.221     0.0
 Pos. Restr.                             16.300326         815.016     0.0
 Virial                                   5.119218          92.146     0.0
 Stop-CM                                  5.096673          50.967     0.0
 P-Coupling                               5.096673          30.580     0.0
 Calc-Ekin                               10.193346         275.220     0.0
 Lincs                                   15.950319         957.019     0.0
 Lincs-Mat                               82.201644         328.807     0.0
 Constraint-V                           507.410148        4566.691     0.0
 Constraint-Vir                           4.924329         118.184     0.0
 Settle                                 158.503170       58646.173     0.2
 CMAP                                     2.200044        3740.075     0.0
 Urey-Bradley                            58.601172       10724.014     0.0
-----------------------------------------------------------------------------
 Total                                                37568625.522   100.0
-----------------------------------------------------------------------------


    D O M A I N   D E C O M P O S I T I O N   S T A T I S T I C S

 av. #atoms communicated per step for force:  2 x 0.0


      R E A L   C Y C L E   A N D   T I M E   A C C O U N T I N G

On 1 MPI rank, each using 16 OpenMP threads

 Activity:              Num   Num      Call    Wall time         Giga-Cycles
                        Ranks Threads  Count      (s)         total sum    %
--------------------------------------------------------------------------------
 Domain decomp.            1   16        625       0.906         33.393   0.5
 Neighbor search           1   16        626       3.121        115.064   1.8
 Force                     1   16      50001     147.679       5443.949  82.9
 PME mesh                  1   16      50001      17.995        663.363  10.1
 NB X/F buffer ops.        1   16      99376       5.269        194.223   3.0
 Write traj.               1   16          1       0.033          1.208   0.0
 Update                    1   16      50001       0.921         33.951   0.5
 Constraints               1   16      50001       1.667         61.438   0.9
 Rest                                              0.477         17.577   0.3
--------------------------------------------------------------------------------
 Total                                           178.068       6564.165 100.0
--------------------------------------------------------------------------------
 Breakdown of PME mesh activities
--------------------------------------------------------------------------------
 PME spread                1   16      50001       7.140        263.197   4.0
 PME gather                1   16      50001       4.681        172.573   2.6
 PME 3D-FFT                1   16     100002       5.492        202.439   3.1
 PME solve Elec            1   16      50001       0.485         17.866   0.3
--------------------------------------------------------------------------------

               Core t (s)   Wall t (s)        (%)
       Time:     2849.083      178.068     1600.0
                 (ns/day)    (hour/ns)
Performance:       48.522        0.495
Finished mdrun on rank 0 Fri May  2 19:16:20 2025

